Archive member included to satisfy reference by file (symbol)

/opt/devkitpro/portlibs/wii/lib/libSDL.a(SDL.o)
                              main.o (SDL_Init)
/opt/devkitpro/portlibs/wii/lib/libSDL.a(SDL_error.o)
                              /opt/devkitpro/portlibs/wii/lib/libSDL.a(SDL.o) (SDL_SetError)
/opt/devkitpro/portlibs/wii/lib/libSDL.a(SDL_fatal.o)
                              /opt/devkitpro/portlibs/wii/lib/libSDL.a(SDL.o) (SDL_InstallParachute)
/opt/devkitpro/portlibs/wii/lib/libSDL.a(SDL_audio.o)
                              /opt/devkitpro/portlibs/wii/lib/libSDL.a(SDL.o) (SDL_AudioQuit)
/opt/devkitpro/portlibs/wii/lib/libSDL.a(SDL_audiocvt.o)
                              /opt/devkitpro/portlibs/wii/lib/libSDL.a(SDL_audio.o) (SDL_ConvertAudio)
/opt/devkitpro/portlibs/wii/lib/libSDL.a(SDL_events.o)
                              main.o (SDL_PollEvent)
/opt/devkitpro/portlibs/wii/lib/libSDL.a(SDL_keyboard.o)
                              /opt/devkitpro/portlibs/wii/lib/libSDL.a(SDL_events.o) (SDL_KeyboardInit)
/opt/devkitpro/portlibs/wii/lib/libSDL.a(SDL_mouse.o)
                              /opt/devkitpro/portlibs/wii/lib/libSDL.a(SDL_events.o) (SDL_MouseInit)
/opt/devkitpro/portlibs/wii/lib/libSDL.a(SDL_quit.o)
                              /opt/devkitpro/portlibs/wii/lib/libSDL.a(SDL_events.o) (SDL_QuitInit)
/opt/devkitpro/portlibs/wii/lib/libSDL.a(SDL_thread.o)
                              /opt/devkitpro/portlibs/wii/lib/libSDL.a(SDL_error.o) (SDL_GetErrBuf)
/opt/devkitpro/portlibs/wii/lib/libSDL.a(SDL_timer.o)
                              /opt/devkitpro/portlibs/wii/lib/libSDL.a(SDL_events.o) (SDL_timer_running)
/opt/devkitpro/portlibs/wii/lib/libSDL.a(SDL_cursor.o)
                              /opt/devkitpro/portlibs/wii/lib/libSDL.a(SDL_mouse.o) (SDL_MoveCursor)
/opt/devkitpro/portlibs/wii/lib/libSDL.a(SDL_pixels.o)
                              main.o (SDL_MapRGB)
/opt/devkitpro/portlibs/wii/lib/libSDL.a(SDL_surface.o)
                              /opt/devkitpro/portlibs/wii/lib/libSDL.a(SDL_cursor.o) (SDL_LockSurface)
/opt/devkitpro/portlibs/wii/lib/libSDL.a(SDL_video.o)
                              /opt/devkitpro/portlibs/wii/lib/libSDL.a(SDL_events.o) (current_video)
/opt/devkitpro/portlibs/wii/lib/libSDL.a(SDL_joystick.o)
                              /opt/devkitpro/portlibs/wii/lib/libSDL.a(SDL.o) (SDL_JoystickInit)
/opt/devkitpro/portlibs/wii/lib/libSDL.a(SDL_systimer.o)
                              /opt/devkitpro/portlibs/wii/lib/libSDL.a(SDL.o) (SDL_StartTicks)
/opt/devkitpro/portlibs/wii/lib/libSDL.a(SDL_ogcAudio.o)
                              /opt/devkitpro/portlibs/wii/lib/libSDL.a(SDL_audio.o) (OGCAUD_bootstrap)
/opt/devkitpro/portlibs/wii/lib/libSDL.a(SDL_sysjoystick.o)
                              /opt/devkitpro/portlibs/wii/lib/libSDL.a(SDL_joystick.o) (SDL_SYS_JoystickInit)
/opt/devkitpro/portlibs/wii/lib/libSDL.a(SDL_sysmutex.o)
                              /opt/devkitpro/portlibs/wii/lib/libSDL.a(SDL_audio.o) (SDL_CreateMutex)
/opt/devkitpro/portlibs/wii/lib/libSDL.a(SDL_syssem.o)
                              /opt/devkitpro/portlibs/wii/lib/libSDL.a(SDL_thread.o) (SDL_CreateSemaphore)
/opt/devkitpro/portlibs/wii/lib/libSDL.a(SDL_systhread.o)
                              /opt/devkitpro/portlibs/wii/lib/libSDL.a(SDL_thread.o) (SDL_SYS_CreateThread)
/opt/devkitpro/portlibs/wii/lib/libSDL.a(SDL_ogc_video.o)
                              /opt/devkitpro/portlibs/wii/lib/libSDL.a(SDL_video.o) (OGC_bootstrap)
/opt/devkitpro/portlibs/wii/lib/libSDL.a(SDL_active.o)
                              /opt/devkitpro/portlibs/wii/lib/libSDL.a(SDL_events.o) (SDL_AppActiveInit)
/opt/devkitpro/portlibs/wii/lib/libSDL.a(SDL_resize.o)
                              /opt/devkitpro/portlibs/wii/lib/libSDL.a(SDL_video.o) (SDL_PrivateResize)
/opt/devkitpro/portlibs/wii/lib/libSDL.a(SDL_string.o)
                              /opt/devkitpro/portlibs/wii/lib/libSDL.a(SDL_pixels.o) (SDL_memcmp)
/opt/devkitpro/portlibs/wii/lib/libSDL.a(SDL_RLEaccel.o)
                              /opt/devkitpro/portlibs/wii/lib/libSDL.a(SDL_pixels.o) (SDL_UnRLESurface)
/opt/devkitpro/portlibs/wii/lib/libSDL.a(SDL_blit.o)
                              /opt/devkitpro/portlibs/wii/lib/libSDL.a(SDL_pixels.o) (SDL_CalculateBlit)
/opt/devkitpro/portlibs/wii/lib/libSDL.a(SDL_blit_0.o)
                              /opt/devkitpro/portlibs/wii/lib/libSDL.a(SDL_blit.o) (SDL_CalculateBlit0)
/opt/devkitpro/portlibs/wii/lib/libSDL.a(SDL_blit_1.o)
                              /opt/devkitpro/portlibs/wii/lib/libSDL.a(SDL_blit.o) (SDL_CalculateBlit1)
/opt/devkitpro/portlibs/wii/lib/libSDL.a(SDL_blit_N.o)
                              /opt/devkitpro/portlibs/wii/lib/libSDL.a(SDL_blit.o) (SDL_CalculateBlitN)
/opt/devkitpro/portlibs/wii/lib/libSDL.a(SDL_syscond.o)
                              /opt/devkitpro/portlibs/wii/lib/libSDL.a(SDL_syssem.o) (SDL_CreateCond)
/opt/devkitpro/portlibs/wii/lib/libSDL.a(SDL_wiievents.o)
[...]
Memory Configuration

Name             Origin             Length             Attributes
*default*        0x00000000         0xffffffff

Linker script and memory map

                0x00003400                        . = 0x3400

.stub
 *(.stub)
                0x80003f00                        . = 0x80003f00
                0x90002000                        PROVIDE (__Arena2Lo = 0x90002000)
                0x933e0000                        PROVIDE (__Arena2Hi = 0x933e0000)
                0x933e0000                        PROVIDE (__ipcbufferLo = 0x933e0000)
                0x93400000                        PROVIDE (__ipcbufferHi = 0x93400000)
                0x00000000                        PROVIDE (__isIPL = 0x0)
                0x800000d0                        PROVIDE (__ppc_excpt_buf = 0x800000d0)
                0x80003000                        PROVIDE (__ppc_excpt_table = 0x80003000)

.init           0x80003f00       0xa4
 *(.crt0 .crt0.*)
 .crt0.__app_start
                0x80003f00       0xa4 /opt/devkitpro/libogc/lib/wii/libogc.a(common_crt0.o)
                0x80003f00                __app_start

.text           0x80003fb0    0x749d0
 *(SORT_NONE(.init))
 .init          0x80003fb0        0xc /opt/devkitpro/devkitPPC/lib/gcc/powerpc-eabi/16.1.0/ecrti.o
                0x80003fb0                __init
 .init          0x80003fbc        0x4 /opt/devkitpro/devkitPPC/lib/gcc/powerpc-eabi/16.1.0/crtbegin.o
 .init          0x80003fc0        0x4 /opt/devkitpro/devkitPPC/lib/gcc/powerpc-eabi/16.1.0/crtend.o
 .init          0x80003fc4       0x10 /opt/devkitpro/devkitPPC/lib/gcc/powerpc-eabi/16.1.0/ecrtn.o
 *(.text.unlikely .text.*_unlikely .text.unlikely.*)
 .text.unlikely.abort
                0x80003fd4       0x2c /opt/devkitpro/devkitPPC/lib/gcc/powerpc-eabi/16.1.0/../../../../powerpc-eabi/lib/libsysbase.a(libsysbase_libsysbase_a-abort.o)
                0x80003fd4                abort
 *(.text.exit .text.exit.*)
 .text.exit     0x80004000       0x3c /opt/devkitpro/devkitPPC/lib/gcc/powerpc-eabi/16.1.0/../../../../powerpc-eabi/lib/libc.a(libc_a-exit.o)
                0x80004000                exit
 *(.text.startup .text.startup.*)
 .text.startup.main
                0x8000403c      0x3a0 main.o
                0x8000403c                main
 .text.startup.register_fini
                0x800043dc        0xc /opt/devkitpro/devkitPPC/lib/gcc/powerpc-eabi/16.1.0/../../../../powerpc-eabi/lib/libc.a(libc_a-__call_atexit.o)
 *(.text.hot .text.hot.*)
 *(SORT_BY_NAME(.text.sorted.*))
 *(.text .iplt .stub .text.* .gnu.linkonce.t.*)
 .text.__do_global_dtors_aux
                0x800043e8       0xcc /opt/devkitpro/devkitPPC/lib/gcc/powerpc-eabi/16.1.0/crtbegin.o
 .text.frame_dummy
                0x800044b4       0x24 /opt/devkitpro/devkitPPC/lib/gcc/powerpc-eabi/16.1.0/crtbegin.o
 *fill*         0x800044d8        0x0 00000000
 .iplt          0x800044d8        0x0 /opt/devkitpro/devkitPPC/lib/gcc/powerpc-eabi/16.1.0/crtbegin.o
 .text.TerminateRequested
                0x800044d8        0x8 main.o
                0x800044d8                TerminateRequested
 .text.Terminate
                0x800044e0       0x18 main.o
                0x800044e0                Terminate
 .text.UpdateBall
                0x800044f8      0x210 main.o
                0x800044f8                UpdateBall
 .text.SDL_InitSubSystem
                0x80004708      0x1dc /opt/devkitpro/portlibs/wii/lib/libSDL.a(SDL.o)
                0x80004708                SDL_InitSubSystem
 .text.SDL_Init
                0x800048e4       0x54 /opt/devkitpro/portlibs/wii/lib/libSDL.a(SDL.o)
                0x800048e4                SDL_Init
 .text.SDL_QuitSubSystem
                0x80004938       0xd8 /opt/devkitpro/portlibs/wii/lib/libSDL.a(SDL.o)
                0x80004938                SDL_QuitSubSystem
 .text.SDL_Quit
                0x80004a10       0x28 /opt/devkitpro/portlibs/wii/lib/libSDL.a(SDL.o)
                0x80004a10                SDL_Quit
 .text.SDL_SetError
                0x80004a38      0x29c /opt/devkitpro/portlibs/wii/lib/libSDL.a(SDL_error.o)
                0x80004a38                SDL_SetError
 .text.SDL_GetErrorMsg
                0x80004cd4      0x290 /opt/devkitpro/portlibs/wii/lib/libSDL.a(SDL_error.o)
                0x80004cd4                SDL_GetErrorMsg
 .text.SDL_GetError
                0x80004f64       0x10 /opt/devkitpro/portlibs/wii/lib/libSDL.a(SDL_error.o)
                0x80004f64                SDL_GetError
 .text.SDL_ClearError
                0x80004f74       0x28 /opt/devkitpro/portlibs/wii/lib/libSDL.a(SDL_error.o)
                0x80004f74                SDL_ClearError
 .text.SDL_Error
                0x80004f9c       0x6c /opt/devkitpro/portlibs/wii/lib/libSDL.a(SDL_error.o)
                0x80004f9c                SDL_Error
 .text.SDL_InstallParachute
                0x80005008        0x4 /opt/devkitpro/portlibs/wii/lib/libSDL.a(SDL_fatal.o)
                0x80005008                SDL_InstallParachute
 .text.SDL_UninstallParachute
                0x8000500c        0x4 /opt/devkitpro/portlibs/wii/lib/libSDL.a(SDL_fatal.o)
                0x8000500c                SDL_UninstallParachute
 .text.SDL_LockAudio_Default
                0x80005010       0x54 /opt/devkitpro/portlibs/wii/lib/libSDL.a(SDL_audio.o)
 .text.SDL_UnlockAudio_Default
                0x80005064       0x54 /opt/devkitpro/portlibs/wii/lib/libSDL.a(SDL_audio.o)
 .text.SDL_AudioQuit
                0x800050b8       0xdc /opt/devkitpro/portlibs/wii/lib/libSDL.a(SDL_audio.o)
                0x800050b8                SDL_AudioQuit
 .text.SDL_AudioInit
                0x80005194      0x130 /opt/devkitpro/portlibs/wii/lib/libSDL.a(SDL_audio.o)
                0x80005194                SDL_AudioInit
 .text.SDL_CalculateAudioSpec
                0x800052c4       0x38 /opt/devkitpro/portlibs/wii/lib/libSDL.a(SDL_audio.o)
                0x800052c4                SDL_CalculateAudioSpec
 .text.SDL_Audio_SetCaption
                0x800052fc       0x2c /opt/devkitpro/portlibs/wii/lib/libSDL.a(SDL_audio.o)
                0x800052fc                SDL_Audio_SetCaption
 .text.SDL_ConvertAudio
                0x80005328       0x7c /opt/devkitpro/portlibs/wii/lib/libSDL.a(SDL_audiocvt.o)
                0x80005328                SDL_ConvertAudio
 .text.SDL_GobbleEvents
                0x800053a4      0x168 /opt/devkitpro/portlibs/wii/lib/libSDL.a(SDL_events.o)
 .text.SDL_Lock_EventThread
                0x8000550c       0x88 /opt/devkitpro/portlibs/wii/lib/libSDL.a(SDL_events.o)
                0x8000550c                SDL_Lock_EventThread
 .text.SDL_Unlock_EventThread
                0x80005594       0x58 /opt/devkitpro/portlibs/wii/lib/libSDL.a(SDL_events.o)
                0x80005594                SDL_Unlock_EventThread
 .text.SDL_StopEventLoop
                0x800055ec       0xa4 /opt/devkitpro/portlibs/wii/lib/libSDL.a(SDL_events.o)
                0x800055ec                SDL_StopEventLoop
 .text.SDL_StartEventLoop
                0x80005690      0x154 /opt/devkitpro/portlibs/wii/lib/libSDL.a(SDL_events.o)
                0x80005690                SDL_StartEventLoop
 .text.SDL_PeepEvents
                0x800057e4      0x308 /opt/devkitpro/portlibs/wii/lib/libSDL.a(SDL_events.o)
                0x800057e4                SDL_PeepEvents
 .text.SDL_PumpEvents
                0x80005aec       0x7c /opt/devkitpro/portlibs/wii/lib/libSDL.a(SDL_events.o)
                0x80005aec                SDL_PumpEvents
 .text.SDL_PollEvent
                0x80005b68       0x4c /opt/devkitpro/portlibs/wii/lib/libSDL.a(SDL_events.o)
                0x80005b68                SDL_PollEvent
 .text.SDL_PushEvent
                0x80005bb4       0x38 /opt/devkitpro/portlibs/wii/lib/libSDL.a(SDL_events.o)
                0x80005bb4                SDL_PushEvent
 .text.SDL_KeyboardInit
                0x80005bec      0xbd8 /opt/devkitpro/portlibs/wii/lib/libSDL.a(SDL_keyboard.o)
                0x80005bec                SDL_KeyboardInit
 .text.SDL_KeyboardQuit
                0x800067c4        0x4 /opt/devkitpro/portlibs/wii/lib/libSDL.a(SDL_keyboard.o)
                0x800067c4                SDL_KeyboardQuit
 .text.SDL_PrivateKeyboard
                0x800067c8      0x4f8 /opt/devkitpro/portlibs/wii/lib/libSDL.a(SDL_keyboard.o)
                0x800067c8                SDL_PrivateKeyboard
 .text.SDL_ResetKeyboard
                0x80006cc0       0xa0 /opt/devkitpro/portlibs/wii/lib/libSDL.a(SDL_keyboard.o)
                0x80006cc0                SDL_ResetKeyboard
 .text.SDL_CheckKeyRepeat
                0x80006d60       0xcc /opt/devkitpro/portlibs/wii/lib/libSDL.a(SDL_keyboard.o)
                0x80006d60                SDL_CheckKeyRepeat
 .text.SDL_MouseInit
                0x80006e2c       0x44 /opt/devkitpro/portlibs/wii/lib/libSDL.a(SDL_mouse.o)
                0x80006e2c                SDL_MouseInit
 .text.SDL_MouseQuit
                0x80006e70        0x4 /opt/devkitpro/portlibs/wii/lib/libSDL.a(SDL_mouse.o)
                0x80006e70                SDL_MouseQuit
 .text.SDL_GetMouseState
                0x80006e74       0x34 /opt/devkitpro/portlibs/wii/lib/libSDL.a(SDL_mouse.o)
                0x80006e74                SDL_GetMouseState
 .text.SDL_GetRelativeMouseState
                0x80006ea8       0x40 /opt/devkitpro/portlibs/wii/lib/libSDL.a(SDL_mouse.o)
                0x80006ea8                SDL_GetRelativeMouseState
 .text.SDL_SetMouseRange
                0x80006ee8       0x14 /opt/devkitpro/portlibs/wii/lib/libSDL.a(SDL_mouse.o)
                0x80006ee8                SDL_SetMouseRange
 .text.SDL_PrivateMouseMotion
                0x80006efc      0x35c /opt/devkitpro/portlibs/wii/lib/libSDL.a(SDL_mouse.o)
                0x80006efc                SDL_PrivateMouseMotion
 .text.SDL_PrivateMouseButton
                0x80007258      0x28c /opt/devkitpro/portlibs/wii/lib/libSDL.a(SDL_mouse.o)
                0x80007258                SDL_PrivateMouseButton
 .text.SDL_ResetMouse
                0x800074e4       0x7c /opt/devkitpro/portlibs/wii/lib/libSDL.a(SDL_mouse.o)
                0x800074e4                SDL_ResetMouse
 .text.SDL_QuitInit
                0x80007560        0x8 /opt/devkitpro/portlibs/wii/lib/libSDL.a(SDL_quit.o)
                0x80007560                SDL_QuitInit
 .text.SDL_QuitQuit
                0x80007568        0x4 /opt/devkitpro/portlibs/wii/lib/libSDL.a(SDL_quit.o)
                0x80007568                SDL_QuitQuit
 .text.SDL_DelThread.part.0
                0x8000756c      0x120 /opt/devkitpro/portlibs/wii/lib/libSDL.a(SDL_thread.o)
 .text.SDL_GetErrBuf
                0x8000768c      0x108 /opt/devkitpro/portlibs/wii/lib/libSDL.a(SDL_thread.o)
                0x8000768c                SDL_GetErrBuf
 .text.SDL_RunThread
                0x80007794       0x70 /opt/devkitpro/portlibs/wii/lib/libSDL.a(SDL_thread.o)
                0x80007794                SDL_RunThread
 .text.SDL_CreateThread
                0x80007804      0x1ec /opt/devkitpro/portlibs/wii/lib/libSDL.a(SDL_thread.o)
                0x80007804                SDL_CreateThread
 .text.SDL_WaitThread
                0x800079f0       0x74 /opt/devkitpro/portlibs/wii/lib/libSDL.a(SDL_thread.o)
                0x800079f0                SDL_WaitThread
 .text.callback_wrapper
                0x80007a64        0x8 /opt/devkitpro/portlibs/wii/lib/libSDL.a(SDL_timer.o)
 .text.SDL_AddTimerInternal
                0x80007a6c       0xb4 /opt/devkitpro/portlibs/wii/lib/libSDL.a(SDL_timer.o)
 .text.SDL_SetTimerThreaded
                0x80007b20       0x54 /opt/devkitpro/portlibs/wii/lib/libSDL.a(SDL_timer.o)
                0x80007b20                SDL_SetTimerThreaded
 .text.SDL_ThreadedTimerCheck
                0x80007b74      0x18c /opt/devkitpro/portlibs/wii/lib/libSDL.a(SDL_timer.o)
                0x80007b74                SDL_ThreadedTimerCheck
 .text.SDL_SetTimer
                0x80007d00      0x1d4 /opt/devkitpro/portlibs/wii/lib/libSDL.a(SDL_timer.o)
                0x80007d00                SDL_SetTimer
 .text.SDL_TimerQuit
                0x80007ed4       0xa0 /opt/devkitpro/portlibs/wii/lib/libSDL.a(SDL_timer.o)
                0x80007ed4                SDL_TimerQuit
 .text.SDL_TimerInit
                0x80007f74       0xc4 /opt/devkitpro/portlibs/wii/lib/libSDL.a(SDL_timer.o)
                0x80007f74                SDL_TimerInit
 .text.SDL_MouseRect
                0x80008038       0xc4 /opt/devkitpro/portlibs/wii/lib/libSDL.a(SDL_cursor.o)
                0x80008038                SDL_MouseRect
 .text.SDL_DrawCursorNoLock
                0x800080fc      0x79c /opt/devkitpro/portlibs/wii/lib/libSDL.a(SDL_cursor.o)
                0x800080fc                SDL_DrawCursorNoLock
 .text.SDL_DrawCursor
                0x80008898       0xd8 /opt/devkitpro/portlibs/wii/lib/libSDL.a(SDL_cursor.o)
                0x80008898                SDL_DrawCursor
 .text.SDL_EraseCursorNoLock
                0x80008970      0x25c /opt/devkitpro/portlibs/wii/lib/libSDL.a(SDL_cursor.o)
                0x80008970                SDL_EraseCursorNoLock
 .text.SDL_EraseCursor
                0x80008bcc       0xd8 /opt/devkitpro/portlibs/wii/lib/libSDL.a(SDL_cursor.o)
                0x80008bcc                SDL_EraseCursor
 .text.SDL_SetCursor
                0x80008ca4      0x220 /opt/devkitpro/portlibs/wii/lib/libSDL.a(SDL_cursor.o)
                0x80008ca4                SDL_SetCursor
 .text.SDL_FreeCursor
                0x80008ec4       0xdc /opt/devkitpro/portlibs/wii/lib/libSDL.a(SDL_cursor.o)
                0x80008ec4                SDL_FreeCursor
 .text.SDL_CursorQuit
                0x80008fa0       0xa8 /opt/devkitpro/portlibs/wii/lib/libSDL.a(SDL_cursor.o)
                0x80008fa0                SDL_CursorQuit
 .text.SDL_CreateCursor
                0x80009048      0x270 /opt/devkitpro/portlibs/wii/lib/libSDL.a(SDL_cursor.o)
                0x80009048                SDL_CreateCursor
 .text.SDL_CursorInit
                0x800092b8       0xac /opt/devkitpro/portlibs/wii/lib/libSDL.a(SDL_cursor.o)
                0x800092b8                SDL_CursorInit
 .text.SDL_MoveCursor
                0x80009364       0xf0 /opt/devkitpro/portlibs/wii/lib/libSDL.a(SDL_cursor.o)
                0x80009364                SDL_MoveCursor
 .text.SDL_ResetCursor
                0x80009454       0x34 /opt/devkitpro/portlibs/wii/lib/libSDL.a(SDL_cursor.o)
                0x80009454                SDL_ResetCursor
 .text.SDL_DitherColors.part.0
                0x80009488       0x58 /opt/devkitpro/portlibs/wii/lib/libSDL.a(SDL_pixels.o)
 .text.SDL_FormatChanged
                0x800094e0       0x7c /opt/devkitpro/portlibs/wii/lib/libSDL.a(SDL_pixels.o)
                0x800094e0                SDL_FormatChanged
 .text.SDL_FreeFormat
                0x8000955c       0x64 /opt/devkitpro/portlibs/wii/lib/libSDL.a(SDL_pixels.o)
                0x8000955c                SDL_FreeFormat
 .text.SDL_AllocFormat
                0x800095c0      0x5c0 /opt/devkitpro/portlibs/wii/lib/libSDL.a(SDL_pixels.o)
                0x800095c0                SDL_AllocFormat
 .text.SDL_ReallocFormat
                0x80009b80      0x144 /opt/devkitpro/portlibs/wii/lib/libSDL.a(SDL_pixels.o)
                0x80009b80                SDL_ReallocFormat
 .text.SDL_DitherColors
                0x80009cc4        0xc /opt/devkitpro/portlibs/wii/lib/libSDL.a(SDL_pixels.o)
                0x80009cc4                SDL_DitherColors
 .text.SDL_CalculatePitch
                0x80009cd0       0x64 /opt/devkitpro/portlibs/wii/lib/libSDL.a(SDL_pixels.o)
                0x80009cd0                SDL_CalculatePitch
 .text.SDL_FindColor
                0x80009d34       0x7c /opt/devkitpro/portlibs/wii/lib/libSDL.a(SDL_pixels.o)
                0x80009d34                SDL_FindColor
 .text.Map1to1  0x80009db0       0xe8 /opt/devkitpro/portlibs/wii/lib/libSDL.a(SDL_pixels.o)
 .text.MapNto1.isra.0
                0x80009e98       0x7c /opt/devkitpro/portlibs/wii/lib/libSDL.a(SDL_pixels.o)
 .text.SDL_MapRGB
                0x80009f14       0x7c /opt/devkitpro/portlibs/wii/lib/libSDL.a(SDL_pixels.o)
                0x80009f14                SDL_MapRGB
 .text.SDL_AllocBlitMap
                0x80009f90       0x6c /opt/devkitpro/portlibs/wii/lib/libSDL.a(SDL_pixels.o)
                0x80009f90                SDL_AllocBlitMap
 .text.SDL_InvalidateMap
                0x80009ffc       0x54 /opt/devkitpro/portlibs/wii/lib/libSDL.a(SDL_pixels.o)
                0x80009ffc                SDL_InvalidateMap
 .text.SDL_MapSurface
                0x8000a050      0x490 /opt/devkitpro/portlibs/wii/lib/libSDL.a(SDL_pixels.o)
                0x8000a050                SDL_MapSurface
 .text.SDL_FreeBlitMap
                0x8000a4e0       0x58 /opt/devkitpro/portlibs/wii/lib/libSDL.a(SDL_pixels.o)
                0x8000a4e0                SDL_FreeBlitMap
 .text.SDL_SetClipRect
                0x8000a538      0x16c /opt/devkitpro/portlibs/wii/lib/libSDL.a(SDL_surface.o)
                0x8000a538                SDL_SetClipRect
 .text.SDL_LowerBlit
                0x8000a6a4      0x14c /opt/devkitpro/portlibs/wii/lib/libSDL.a(SDL_surface.o)
                0x8000a6a4                SDL_LowerBlit
 .text.SDL_LockSurface
                0x8000a7f0       0xe8 /opt/devkitpro/portlibs/wii/lib/libSDL.a(SDL_surface.o)
                0x8000a7f0                SDL_LockSurface
 .text.SDL_UnlockSurface
                0x8000a8d8       0x64 /opt/devkitpro/portlibs/wii/lib/libSDL.a(SDL_surface.o)
                0x8000a8d8                SDL_UnlockSurface
 .text.SDL_FillRect
                0x8000a93c      0x6b4 /opt/devkitpro/portlibs/wii/lib/libSDL.a(SDL_surface.o)
                0x8000a93c                SDL_FillRect
 .text.SDL_FreeSurface
                0x8000aff0      0x1d8 /opt/devkitpro/portlibs/wii/lib/libSDL.a(SDL_surface.o)
                0x8000aff0                SDL_FreeSurface
 .text.SDL_CreateRGBSurface
                0x8000b1c8      0x370 /opt/devkitpro/portlibs/wii/lib/libSDL.a(SDL_surface.o)
                0x8000b1c8                SDL_CreateRGBSurface
 .text.SDL_WM_GrabInputRaw
                0x8000b538       0xc0 /opt/devkitpro/portlibs/wii/lib/libSDL.a(SDL_video.o)
 .text.SDL_GL_Lock.part.0
                0x8000b5f8      0x28c /opt/devkitpro/portlibs/wii/lib/libSDL.a(SDL_video.o)
 .text.SDL_VideoModeOK
                0x8000b884      0x1e0 /opt/devkitpro/portlibs/wii/lib/libSDL.a(SDL_video.o)
                0x8000b884                SDL_VideoModeOK
 .text.SDL_UpdateRects
                0x8000ba64      0x428 /opt/devkitpro/portlibs/wii/lib/libSDL.a(SDL_video.o)
                0x8000ba64                SDL_UpdateRects
 .text.SDL_Flip
                0x8000be8c      0x1d0 /opt/devkitpro/portlibs/wii/lib/libSDL.a(SDL_video.o)
                0x8000be8c                SDL_Flip
 .text.SDL_VideoQuit
                0x8000c05c      0x150 /opt/devkitpro/portlibs/wii/lib/libSDL.a(SDL_video.o)
                0x8000c05c                SDL_VideoQuit
 .text.SDL_VideoInit
                0x8000c1ac      0x250 /opt/devkitpro/portlibs/wii/lib/libSDL.a(SDL_video.o)
                0x8000c1ac                SDL_VideoInit
 .text.SDL_GL_UpdateRects
                0x8000c3fc      0x358 /opt/devkitpro/portlibs/wii/lib/libSDL.a(SDL_video.o)
                0x8000c3fc                SDL_GL_UpdateRects
 .text.SDL_GL_Unlock
                0x8000c754       0x80 /opt/devkitpro/portlibs/wii/lib/libSDL.a(SDL_video.o)
                0x8000c754                SDL_GL_Unlock
 .text.SDL_GL_UpdateRectsLock
                0x8000c7d4       0x54 /opt/devkitpro/portlibs/wii/lib/libSDL.a(SDL_video.o)
                0x8000c7d4                SDL_GL_UpdateRectsLock
 .text.SDL_WM_SetCaption
                0x8000c828       0xe0 /opt/devkitpro/portlibs/wii/lib/libSDL.a(SDL_video.o)
                0x8000c828                SDL_WM_SetCaption
 .text.SDL_WM_GrabInput
                0x8000c908       0x64 /opt/devkitpro/portlibs/wii/lib/libSDL.a(SDL_video.o)
                0x8000c908                SDL_WM_GrabInput
 .text.SDL_SetVideoMode
                0x8000c96c     0x17ec /opt/devkitpro/portlibs/wii/lib/libSDL.a(SDL_video.o)
                0x8000c96c                SDL_SetVideoMode
 .text.SDL_JoystickClose.part.0
                0x8000e158       0xd4 /opt/devkitpro/portlibs/wii/lib/libSDL.a(SDL_joystick.o)
 .text.SDL_JoystickInit
                0x8000e22c       0xa4 /opt/devkitpro/portlibs/wii/lib/libSDL.a(SDL_joystick.o)
                0x8000e22c                SDL_JoystickInit
 .text.SDL_JoystickOpen
                0x8000e2d0      0x408 /opt/devkitpro/portlibs/wii/lib/libSDL.a(SDL_joystick.o)
                0x8000e2d0                SDL_JoystickOpen
 .text.SDL_JoystickQuit
                0x8000e6d8       0xd4 /opt/devkitpro/portlibs/wii/lib/libSDL.a(SDL_joystick.o)
                0x8000e6d8                SDL_JoystickQuit
 .text.SDL_PrivateJoystickAxis
                0x8000e7ac       0xb0 /opt/devkitpro/portlibs/wii/lib/libSDL.a(SDL_joystick.o)
                0x8000e7ac                SDL_PrivateJoystickAxis
 .text.SDL_PrivateJoystickHat
                0x8000e85c       0xac /opt/devkitpro/portlibs/wii/lib/libSDL.a(SDL_joystick.o)
                0x8000e85c                SDL_PrivateJoystickHat
 .text.SDL_PrivateJoystickButton
                0x8000e908       0xf4 /opt/devkitpro/portlibs/wii/lib/libSDL.a(SDL_joystick.o)
                0x8000e908                SDL_PrivateJoystickButton
 .text.SDL_JoystickUpdate
                0x8000e9fc       0x60 /opt/devkitpro/portlibs/wii/lib/libSDL.a(SDL_joystick.o)
                0x8000e9fc                SDL_JoystickUpdate
 .text.RunTimer
                0x8000ea5c       0xe8 /opt/devkitpro/portlibs/wii/lib/libSDL.a(SDL_systimer.o)
 .text.SDL_StartTicks
                0x8000eb44       0x28 /opt/devkitpro/portlibs/wii/lib/libSDL.a(SDL_systimer.o)
                0x8000eb44                SDL_StartTicks
 .text.SDL_GetTicks
                0x8000eb6c       0x5c /opt/devkitpro/portlibs/wii/lib/libSDL.a(SDL_systimer.o)
                0x8000eb6c                SDL_GetTicks
 .text.SDL_Delay
                0x8000ebc8       0x6c /opt/devkitpro/portlibs/wii/lib/libSDL.a(SDL_systimer.o)
                0x8000ebc8                SDL_Delay
 .text.SDL_SYS_TimerInit
                0x8000ec34       0x60 /opt/devkitpro/portlibs/wii/lib/libSDL.a(SDL_systimer.o)
                0x8000ec34                SDL_SYS_TimerInit
 .text.SDL_SYS_TimerQuit
                0x8000ec94       0x4c /opt/devkitpro/portlibs/wii/lib/libSDL.a(SDL_systimer.o)
                0x8000ec94                SDL_SYS_TimerQuit
 .text.SDL_SYS_StartTimer
                0x8000ece0       0x30 /opt/devkitpro/portlibs/wii/lib/libSDL.a(SDL_systimer.o)
                0x8000ece0                SDL_SYS_StartTimer
 .text.SDL_SYS_StopTimer
                0x8000ed10        0x4 /opt/devkitpro/portlibs/wii/lib/libSDL.a(SDL_systimer.o)
                0x8000ed10                SDL_SYS_StopTimer
 .text.OGCAUD_Available
                0x8000ed14        0x8 /opt/devkitpro/portlibs/wii/lib/libSDL.a(SDL_ogcAudio.o)
 .text.AudioThread
                0x8000ed1c      0x1a8 /opt/devkitpro/portlibs/wii/lib/libSDL.a(SDL_ogcAudio.o)
 .text.OGCAUD_CreateDevice
                0x8000eec4       0xc8 /opt/devkitpro/portlibs/wii/lib/libSDL.a(SDL_ogcAudio.o)
 .text.DMACallback
                0x8000ef8c       0x14 /opt/devkitpro/portlibs/wii/lib/libSDL.a(SDL_ogcAudio.o)
 .text.OGC_AudioStop
                0x8000efa0       0xc4 /opt/devkitpro/portlibs/wii/lib/libSDL.a(SDL_ogcAudio.o)
                0x8000efa0                OGC_AudioStop
 .text.OGCAUD_DeleteDevice
                0x8000f064       0x3c /opt/devkitpro/portlibs/wii/lib/libSDL.a(SDL_ogcAudio.o)
 .text.OGCAUD_CloseAudio
                0x8000f0a0       0x30 /opt/devkitpro/portlibs/wii/lib/libSDL.a(SDL_ogcAudio.o)
 .text.OGC_AudioStart
                0x8000f0d0      0x164 /opt/devkitpro/portlibs/wii/lib/libSDL.a(SDL_ogcAudio.o)
                0x8000f0d0                OGC_AudioStart
 .text.OGCAUD_OpenAudio
                0x8000f234      0x134 /opt/devkitpro/portlibs/wii/lib/libSDL.a(SDL_ogcAudio.o)
 .text.HandleWiiHats
                0x8000f368       0x60 /opt/devkitpro/portlibs/wii/lib/libSDL.a(SDL_sysjoystick.o)
 .text.SDL_SYS_JoystickInit
                0x8000f3c8       0x90 /opt/devkitpro/portlibs/wii/lib/libSDL.a(SDL_sysjoystick.o)
                0x8000f3c8                SDL_SYS_JoystickInit
 .text.SDL_SYS_JoystickOpen
                0x8000f458      0x11c /opt/devkitpro/portlibs/wii/lib/libSDL.a(SDL_sysjoystick.o)
                0x8000f458                SDL_SYS_JoystickOpen
 .text.SDL_SYS_JoystickUpdate
                0x8000f574      0xf3c /opt/devkitpro/portlibs/wii/lib/libSDL.a(SDL_sysjoystick.o)
                0x8000f574                SDL_SYS_JoystickUpdate
 .text.SDL_SYS_JoystickClose
                0x800104b0       0x44 /opt/devkitpro/portlibs/wii/lib/libSDL.a(SDL_sysjoystick.o)
                0x800104b0                SDL_SYS_JoystickClose
 .text.SDL_SYS_JoystickQuit
                0x800104f4        0x4 /opt/devkitpro/portlibs/wii/lib/libSDL.a(SDL_sysjoystick.o)
                0x800104f4                SDL_SYS_JoystickQuit
 .text.SDL_CreateMutex
                0x800104f8       0x4c /opt/devkitpro/portlibs/wii/lib/libSDL.a(SDL_sysmutex.o)
                0x800104f8                SDL_CreateMutex
 .text.SDL_DestroyMutex
                0x80010544       0x38 /opt/devkitpro/portlibs/wii/lib/libSDL.a(SDL_sysmutex.o)
                0x80010544                SDL_DestroyMutex
 .text.SDL_mutexP
                0x8001057c       0x40 /opt/devkitpro/portlibs/wii/lib/libSDL.a(SDL_sysmutex.o)
                0x8001057c                SDL_mutexP
 .text.SDL_mutexV
                0x800105bc       0x40 /opt/devkitpro/portlibs/wii/lib/libSDL.a(SDL_sysmutex.o)
                0x800105bc                SDL_mutexV
 .text.SDL_DestroySemaphore.part.0.constprop.0
                0x800105fc       0x7c /opt/devkitpro/portlibs/wii/lib/libSDL.a(SDL_syssem.o)
 .text.SDL_CreateSemaphore
                0x80010678       0x98 /opt/devkitpro/portlibs/wii/lib/libSDL.a(SDL_syssem.o)
                0x80010678                SDL_CreateSemaphore
 .text.SDL_DestroySemaphore
                0x80010710       0x14 /opt/devkitpro/portlibs/wii/lib/libSDL.a(SDL_syssem.o)
                0x80010710                SDL_DestroySemaphore
 .text.SDL_SemWaitTimeout
                0x80010724      0x108 /opt/devkitpro/portlibs/wii/lib/libSDL.a(SDL_syssem.o)
                0x80010724                SDL_SemWaitTimeout
 .text.SDL_SemWait
                0x8001082c        0x8 /opt/devkitpro/portlibs/wii/lib/libSDL.a(SDL_syssem.o)
                0x8001082c                SDL_SemWait
 .text.SDL_SemPost
                0x80010834       0x7c /opt/devkitpro/portlibs/wii/lib/libSDL.a(SDL_syssem.o)
                0x80010834                SDL_SemPost
 .text.run_thread
                0x800108b0       0x24 /opt/devkitpro/portlibs/wii/lib/libSDL.a(SDL_systhread.o)
                0x800108b0                run_thread
 .text.SDL_SYS_CreateThread
                0x800108d4       0x5c /opt/devkitpro/portlibs/wii/lib/libSDL.a(SDL_systhread.o)
                0x800108d4                SDL_SYS_CreateThread
 .text.SDL_SYS_SetupThread
                0x80010930        0x4 /opt/devkitpro/portlibs/wii/lib/libSDL.a(SDL_systhread.o)
                0x80010930                SDL_SYS_SetupThread
 .text.SDL_ThreadID
                0x80010934        0x4 /opt/devkitpro/portlibs/wii/lib/libSDL.a(SDL_systhread.o)
                0x80010934                SDL_ThreadID
 .text.SDL_SYS_WaitThread
                0x80010938       0x28 /opt/devkitpro/portlibs/wii/lib/libSDL.a(SDL_systhread.o)
                0x80010938                SDL_SYS_WaitThread
 .text.OGC_VideoInit
                0x80010960       0x7c /opt/devkitpro/portlibs/wii/lib/libSDL.a(SDL_ogc_video.o)
 .text.OGC_ListModes
                0x800109dc        0xc /opt/devkitpro/portlibs/wii/lib/libSDL.a(SDL_ogc_video.o)
 .text.OGC_AllocHWSurface
                0x800109e8        0x8 /opt/devkitpro/portlibs/wii/lib/libSDL.a(SDL_ogc_video.o)
 .text.OGC_FreeHWSurface
                0x800109f0        0x4 /opt/devkitpro/portlibs/wii/lib/libSDL.a(SDL_ogc_video.o)
 .text.OGC_LockHWSurface
                0x800109f4        0x8 /opt/devkitpro/portlibs/wii/lib/libSDL.a(SDL_ogc_video.o)
 .text.OGC_Available
                0x800109fc        0x8 /opt/devkitpro/portlibs/wii/lib/libSDL.a(SDL_ogc_video.o)
 .text.SetupGX  0x80010a04      0x1e8 /opt/devkitpro/portlibs/wii/lib/libSDL.a(SDL_ogc_video.o)
 .text.SDL_OGC_GL_SwapBuffers
                0x80010bec       0x30 /opt/devkitpro/portlibs/wii/lib/libSDL.a(SDL_ogc_video.o)
                0x80010bec                SDL_OGC_GL_SwapBuffers
 .text.flip_thread
                0x80010c1c      0x188 /opt/devkitpro/portlibs/wii/lib/libSDL.a(SDL_ogc_video.o)
 .text.OGC_DeleteDevice
                0x80010da4       0x6c /opt/devkitpro/portlibs/wii/lib/libSDL.a(SDL_ogc_video.o)
 .text.OGC_SetColors
                0x80010e10      0x198 /opt/devkitpro/portlibs/wii/lib/libSDL.a(SDL_ogc_video.o)
 .text.SDL_OGC_GL_LoadLibrary
                0x80010fa8        0x8 /opt/devkitpro/portlibs/wii/lib/libSDL.a(SDL_ogc_video.o)
                0x80010fa8                SDL_OGC_GL_LoadLibrary
 .text.OGC_UnlockHWSurface
                0x80010fb0        0x4 /opt/devkitpro/portlibs/wii/lib/libSDL.a(SDL_ogc_video.o)
 .text.OGC_UpdateRects
                0x80010fb4      0x484 /opt/devkitpro/portlibs/wii/lib/libSDL.a(SDL_ogc_video.o)
 .text.OGC_FlipHWSurface
                0x80011438      0x1f8 /opt/devkitpro/portlibs/wii/lib/libSDL.a(SDL_ogc_video.o)
 .text.OGC_VideoQuit
                0x80011630       0xcc /opt/devkitpro/portlibs/wii/lib/libSDL.a(SDL_ogc_video.o)
 .text.OGC_VideoStart
                0x800116fc      0x49c /opt/devkitpro/portlibs/wii/lib/libSDL.a(SDL_ogc_video.o)
                0x800116fc                OGC_VideoStart
 .text.OGC_SetVideoMode
                0x80011b98      0x388 /opt/devkitpro/portlibs/wii/lib/libSDL.a(SDL_ogc_video.o)
 .text.ogx_initialize
                0x80011f20        0x4 /opt/devkitpro/portlibs/wii/lib/libSDL.a(SDL_ogc_video.o)
                0x80011f20                ogx_initialize
 .text.SDL_OGC_GL_MakeCurrent
                0x80011f24       0x24 /opt/devkitpro/portlibs/wii/lib/libSDL.a(SDL_ogc_video.o)
                0x80011f24                SDL_OGC_GL_MakeCurrent
 .text.ogx_get_proc_address
                0x80011f48        0x8 /opt/devkitpro/portlibs/wii/lib/libSDL.a(SDL_ogc_video.o)
                0x80011f48                ogx_get_proc_address
 .text.SDL_OGC_GL_GetProcAddress
                0x80011f50       0x78 /opt/devkitpro/portlibs/wii/lib/libSDL.a(SDL_ogc_video.o)
                0x80011f50                SDL_OGC_GL_GetProcAddress
 .text.OGC_InitVideoSystem
                0x80011fc8       0xf4 /opt/devkitpro/portlibs/wii/lib/libSDL.a(SDL_ogc_video.o)
                0x80011fc8                OGC_InitVideoSystem
 .text.OGC_CreateDevice
                0x800120bc      0x17c /opt/devkitpro/portlibs/wii/lib/libSDL.a(SDL_ogc_video.o)
 .text.SDL_AppActiveInit
                0x80012238       0x14 /opt/devkitpro/portlibs/wii/lib/libSDL.a(SDL_active.o)
                0x80012238                SDL_AppActiveInit
 .text.SDL_AppActiveQuit
                0x8001224c        0x4 /opt/devkitpro/portlibs/wii/lib/libSDL.a(SDL_active.o)
                0x8001224c                SDL_AppActiveQuit
 .text.SDL_PrivateResize
                0x80012250      0x114 /opt/devkitpro/portlibs/wii/lib/libSDL.a(SDL_resize.o)
                0x80012250                SDL_PrivateResize
 .text.SDL_revcpy
                0x80012364       0x70 /opt/devkitpro/portlibs/wii/lib/libSDL.a(SDL_string.o)
                0x80012364                SDL_revcpy
 .text.SDL_memcmp
                0x800123d4       0x94 /opt/devkitpro/portlibs/wii/lib/libSDL.a(SDL_string.o)
                0x800123d4                SDL_memcmp
 .text.copy_opaque_16
                0x80012468      0x110 /opt/devkitpro/portlibs/wii/lib/libSDL.a(SDL_RLEaccel.o)
 .text.uncopy_opaque_16
                0x80012578      0x128 /opt/devkitpro/portlibs/wii/lib/libSDL.a(SDL_RLEaccel.o)
 .text.copy_transl_565
                0x800126a0      0x104 /opt/devkitpro/portlibs/wii/lib/libSDL.a(SDL_RLEaccel.o)
 .text.copy_transl_555
                0x800127a4      0x104 /opt/devkitpro/portlibs/wii/lib/libSDL.a(SDL_RLEaccel.o)
 .text.uncopy_transl_16
                0x800128a8      0x144 /opt/devkitpro/portlibs/wii/lib/libSDL.a(SDL_RLEaccel.o)
 .text.copy_32  0x800129ec      0x100 /opt/devkitpro/portlibs/wii/lib/libSDL.a(SDL_RLEaccel.o)
 .text.uncopy_32
                0x80012aec      0x138 /opt/devkitpro/portlibs/wii/lib/libSDL.a(SDL_RLEaccel.o)
 .text.getpix_8
                0x80012c24        0x8 /opt/devkitpro/portlibs/wii/lib/libSDL.a(SDL_RLEaccel.o)
 .text.getpix_16
                0x80012c2c        0x8 /opt/devkitpro/portlibs/wii/lib/libSDL.a(SDL_RLEaccel.o)
 .text.getpix_24
                0x80012c34       0x20 /opt/devkitpro/portlibs/wii/lib/libSDL.a(SDL_RLEaccel.o)
 .text.getpix_32
                0x80012c54        0x8 /opt/devkitpro/portlibs/wii/lib/libSDL.a(SDL_RLEaccel.o)
 .text.SDL_RLEBlit
                0x80012c5c     0x2454 /opt/devkitpro/portlibs/wii/lib/libSDL.a(SDL_RLEaccel.o)
                0x80012c5c                SDL_RLEBlit
 .text.SDL_RLEAlphaBlit
                0x800150b0      0xabc /opt/devkitpro/portlibs/wii/lib/libSDL.a(SDL_RLEaccel.o)
                0x800150b0                SDL_RLEAlphaBlit
 .text.SDL_UnRLESurface
                0x80015b6c      0x374 /opt/devkitpro/portlibs/wii/lib/libSDL.a(SDL_RLEaccel.o)
                0x80015b6c                SDL_UnRLESurface
 .text.SDL_RLESurface
                0x80015ee0     0x1110 /opt/devkitpro/portlibs/wii/lib/libSDL.a(SDL_RLEaccel.o)
                0x80015ee0                SDL_RLESurface
 .text.SDL_SoftBlit
                0x80016ff0      0x320 /opt/devkitpro/portlibs/wii/lib/libSDL.a(SDL_blit.o)
 .text.SDL_BlitCopyOverlap
                0x80017310      0x1ac /opt/devkitpro/portlibs/wii/lib/libSDL.a(SDL_blit.o)
 .text.SDL_BlitCopy
                0x800174bc       0xf0 /opt/devkitpro/portlibs/wii/lib/libSDL.a(SDL_blit.o)
 .text.SDL_CalculateBlit
                0x800175ac      0x39c /opt/devkitpro/portlibs/wii/lib/libSDL.a(SDL_blit.o)
                0x800175ac                SDL_CalculateBlit
 .text.BlitBto1
                0x80017948       0xf8 /opt/devkitpro/portlibs/wii/lib/libSDL.a(SDL_blit_0.o)
 .text.BlitBto2
                0x80017a40       0xb8 /opt/devkitpro/portlibs/wii/lib/libSDL.a(SDL_blit_0.o)
 .text.BlitBto3
                0x80017af8       0xd0 /opt/devkitpro/portlibs/wii/lib/libSDL.a(SDL_blit_0.o)
 .text.BlitBto4
                0x80017bc8       0xb8 /opt/devkitpro/portlibs/wii/lib/libSDL.a(SDL_blit_0.o)
 .text.BlitBto1Key
                0x80017c80      0x110 /opt/devkitpro/portlibs/wii/lib/libSDL.a(SDL_blit_0.o)
 .text.BlitBto2Key
                0x80017d90       0xd4 /opt/devkitpro/portlibs/wii/lib/libSDL.a(SDL_blit_0.o)
 .text.BlitBto4Key
                0x80017e64       0xd4 /opt/devkitpro/portlibs/wii/lib/libSDL.a(SDL_blit_0.o)
 .text.BlitBtoNAlpha
                0x80017f38      0x2b0 /opt/devkitpro/portlibs/wii/lib/libSDL.a(SDL_blit_0.o)
 .text.BlitBtoNAlphaKey
                0x800181e8      0x2cc /opt/devkitpro/portlibs/wii/lib/libSDL.a(SDL_blit_0.o)
 .text.BlitBto3Key
                0x800184b4       0xe4 /opt/devkitpro/portlibs/wii/lib/libSDL.a(SDL_blit_0.o)
 .text.SDL_CalculateBlit0
                0x80018598       0xa4 /opt/devkitpro/portlibs/wii/lib/libSDL.a(SDL_blit_0.o)
                0x80018598                SDL_CalculateBlit0
 .text.Blit1to1
                0x8001863c      0x49c /opt/devkitpro/portlibs/wii/lib/libSDL.a(SDL_blit_1.o)
 .text.Blit1to2
                0x80018ad8      0x4b0 /opt/devkitpro/portlibs/wii/lib/libSDL.a(SDL_blit_1.o)
 .text.Blit1to3
                0x80018f88      0x7c0 /opt/devkitpro/portlibs/wii/lib/libSDL.a(SDL_blit_1.o)
 .text.Blit1to4
                0x80019748      0x4c8 /opt/devkitpro/portlibs/wii/lib/libSDL.a(SDL_blit_1.o)
 .text.Blit1to1Key
                0x80019c10      0x75c /opt/devkitpro/portlibs/wii/lib/libSDL.a(SDL_blit_1.o)
 .text.Blit1to2Key
                0x8001a36c      0x3f0 /opt/devkitpro/portlibs/wii/lib/libSDL.a(SDL_blit_1.o)
 .text.Blit1to3Key
                0x8001a75c      0x504 /opt/devkitpro/portlibs/wii/lib/libSDL.a(SDL_blit_1.o)
 .text.Blit1to4Key
                0x8001ac60      0x3f0 /opt/devkitpro/portlibs/wii/lib/libSDL.a(SDL_blit_1.o)
 .text.Blit1toNAlpha
                0x8001b050      0x8c8 /opt/devkitpro/portlibs/wii/lib/libSDL.a(SDL_blit_1.o)
 .text.Blit1toNAlphaKey
                0x8001b918      0xe40 /opt/devkitpro/portlibs/wii/lib/libSDL.a(SDL_blit_1.o)
 .text.SDL_CalculateBlit1
                0x8001c758       0x94 /opt/devkitpro/portlibs/wii/lib/libSDL.a(SDL_blit_1.o)
                0x8001c758                SDL_CalculateBlit1
 .text.Blit_RGB888_index8
                0x8001c7ec      0xe38 /opt/devkitpro/portlibs/wii/lib/libSDL.a(SDL_blit_N.o)
 .text.Blit_RGB888_RGB555
                0x8001d624      0x7a8 /opt/devkitpro/portlibs/wii/lib/libSDL.a(SDL_blit_N.o)
 .text.Blit_RGB888_RGB565
                0x8001ddcc      0x7a8 /opt/devkitpro/portlibs/wii/lib/libSDL.a(SDL_blit_N.o)
 .text.Blit_RGB565_32
                0x8001e574      0x78c /opt/devkitpro/portlibs/wii/lib/libSDL.a(SDL_blit_N.o)
 .text.Blit_RGB565_ARGB8888
                0x8001ed00        0xc /opt/devkitpro/portlibs/wii/lib/libSDL.a(SDL_blit_N.o)
 .text.Blit_RGB565_ABGR8888
                0x8001ed0c        0xc /opt/devkitpro/portlibs/wii/lib/libSDL.a(SDL_blit_N.o)
 .text.Blit_RGB565_RGBA8888
                0x8001ed18        0xc /opt/devkitpro/portlibs/wii/lib/libSDL.a(SDL_blit_N.o)
 .text.Blit_RGB565_BGRA8888
                0x8001ed24        0xc /opt/devkitpro/portlibs/wii/lib/libSDL.a(SDL_blit_N.o)
 .text.Blit_RGB888_index8_map
                0x8001ed30      0x7c4 /opt/devkitpro/portlibs/wii/lib/libSDL.a(SDL_blit_N.o)
 .text.BlitNto1
                0x8001f4f4     0x14fc /opt/devkitpro/portlibs/wii/lib/libSDL.a(SDL_blit_N.o)
 .text.Blit4to4MaskAlpha
                0x800209f0      0x8ec /opt/devkitpro/portlibs/wii/lib/libSDL.a(SDL_blit_N.o)
 .text.BlitNtoN
                0x800212dc     0x17b8 /opt/devkitpro/portlibs/wii/lib/libSDL.a(SDL_blit_N.o)
 .text.BlitNtoNCopyAlpha
                0x80022a94      0x298 /opt/devkitpro/portlibs/wii/lib/libSDL.a(SDL_blit_N.o)
 .text.BlitNto1Key
                0x80022d2c     0x1cc4 /opt/devkitpro/portlibs/wii/lib/libSDL.a(SDL_blit_N.o)
 .text.Blit2to2Key
                0x800249f0      0x3b0 /opt/devkitpro/portlibs/wii/lib/libSDL.a(SDL_blit_N.o)
 .text.BlitNtoNKey
                0x80024da0     0x1174 /opt/devkitpro/portlibs/wii/lib/libSDL.a(SDL_blit_N.o)
 .text.BlitNtoNKeyCopyAlpha
                0x80025f14     0x12a8 /opt/devkitpro/portlibs/wii/lib/libSDL.a(SDL_blit_N.o)
 .text.SDL_CalculateBlitN
                0x800271bc      0x44c /opt/devkitpro/portlibs/wii/lib/libSDL.a(SDL_blit_N.o)
                0x800271bc                SDL_CalculateBlitN
 .text.SDL_CreateCond
                0x80027608       0x90 /opt/devkitpro/portlibs/wii/lib/libSDL.a(SDL_syscond.o)
                0x80027608                SDL_CreateCond
 .text.SDL_DestroyCond
                0x80027698       0x38 /opt/devkitpro/portlibs/wii/lib/libSDL.a(SDL_syscond.o)
                0x80027698                SDL_DestroyCond
 .text.SDL_CondSignal
                0x800276d0       0x4c /opt/devkitpro/portlibs/wii/lib/libSDL.a(SDL_syscond.o)
                0x800276d0                SDL_CondSignal
 .text.SDL_CondWaitTimeout
                0x8002771c       0x84 /opt/devkitpro/portlibs/wii/lib/libSDL.a(SDL_syscond.o)
                0x8002771c                SDL_CondWaitTimeout
 .text.SDL_CondWait
                0x800277a0        0xc /opt/devkitpro/portlibs/wii/lib/libSDL.a(SDL_syscond.o)
                0x800277a0                SDL_CondWait
 .text.PumpEvents
                0x800277ac      0x54c /opt/devkitpro/portlibs/wii/lib/libSDL.a(SDL_wiievents.o)
                0x800277ac                PumpEvents
 .text.WII_PumpEvents
                0x80027cf8       0x54 /opt/devkitpro/portlibs/wii/lib/libSDL.a(SDL_wiievents.o)
                0x80027cf8                WII_PumpEvents
 .text.WII_InitOSKeymap
                0x80027d4c      0x368 /opt/devkitpro/portlibs/wii/lib/libSDL.a(SDL_wiievents.o)
                0x80027d4c                WII_InitOSKeymap
 .text.SDL_HasMMX
                0x800280b4       0x48 /opt/devkitpro/portlibs/wii/lib/libSDL.a(SDL_cpuinfo.o)
                0x800280b4                SDL_HasMMX
 .text.BlitNto1SurfaceAlpha
                0x800280fc      0x5b4 /opt/devkitpro/portlibs/wii/lib/libSDL.a(SDL_blit_A.o)
 .text.BlitNto1PixelAlpha
                0x800286b0      0x614 /opt/devkitpro/portlibs/wii/lib/libSDL.a(SDL_blit_A.o)
 .text.BlitNto1SurfaceAlphaKey
                0x80028cc4     0x175c /opt/devkitpro/portlibs/wii/lib/libSDL.a(SDL_blit_A.o)
 .text.BlitRGBtoRGBSurfaceAlpha
                0x8002a420      0x4a8 /opt/devkitpro/portlibs/wii/lib/libSDL.a(SDL_blit_A.o)
 .text.BlitRGBtoRGBPixelAlpha
                0x8002a8c8      0x358 /opt/devkitpro/portlibs/wii/lib/libSDL.a(SDL_blit_A.o)
 .text.Blit16to16SurfaceAlpha128
                0x8002ac20      0x2a8 /opt/devkitpro/portlibs/wii/lib/libSDL.a(SDL_blit_A.o)
 .text.Blit565to565SurfaceAlpha
                0x8002aec8      0x238 /opt/devkitpro/portlibs/wii/lib/libSDL.a(SDL_blit_A.o)
 .text.Blit555to555SurfaceAlpha
                0x8002b100      0x238 /opt/devkitpro/portlibs/wii/lib/libSDL.a(SDL_blit_A.o)
 .text.BlitARGBto565PixelAlpha
                0x8002b338      0x32c /opt/devkitpro/portlibs/wii/lib/libSDL.a(SDL_blit_A.o)
 .text.BlitARGBto555PixelAlpha
                0x8002b664      0x32c /opt/devkitpro/portlibs/wii/lib/libSDL.a(SDL_blit_A.o)
 .text.BlitNtoNSurfaceAlpha
                0x8002b990      0xb98 /opt/devkitpro/portlibs/wii/lib/libSDL.a(SDL_blit_A.o)
 .text.BlitNtoNSurfaceAlphaKey
                0x8002c528      0xf4c /opt/devkitpro/portlibs/wii/lib/libSDL.a(SDL_blit_A.o)
 .text.BlitNtoNPixelAlpha
                0x8002d474      0xdb8 /opt/devkitpro/portlibs/wii/lib/libSDL.a(SDL_blit_A.o)
 .text.SDL_CalculateAlphaBlit
                0x8002e22c      0x228 /opt/devkitpro/portlibs/wii/lib/libSDL.a(SDL_blit_A.o)
                0x8002e22c                SDL_CalculateAlphaBlit
 .text.__dsp_resumecallback
                0x8002e454        0x4 /opt/devkitpro/libogc/lib/wii/libaesnd.a(aesndlib.o)
 .text.__dsp_donecallback
                0x8002e458       0x14 /opt/devkitpro/libogc/lib/wii/libaesnd.a(aesndlib.o)
 .text.__dsp_initcallback
                0x8002e46c       0x5c /opt/devkitpro/libogc/lib/wii/libaesnd.a(aesndlib.o)
 .text.__aesndfillbuffer.constprop.0
                0x8002e4c8       0xf4 /opt/devkitpro/libogc/lib/wii/libaesnd.a(aesndlib.o)
 .text.__dsp_requestcallback
                0x8002e5bc      0x540 /opt/devkitpro/libogc/lib/wii/libaesnd.a(aesndlib.o)
 .text.__audio_dma_callback
                0x8002eafc      0x2d4 /opt/devkitpro/libogc/lib/wii/libaesnd.a(aesndlib.o)
 .text.AESND_Init
                0x8002edd0      0x29c /opt/devkitpro/libogc/lib/wii/libaesnd.a(aesndlib.o)
                0x8002edd0                AESND_Init
 .text.AESND_Pause
                0x8002f06c       0x24 /opt/devkitpro/libogc/lib/wii/libaesnd.a(aesndlib.o)
                0x8002f06c                AESND_Pause
 .text.AESND_AllocateVoiceWithArg
                0x8002f090       0xc0 /opt/devkitpro/libogc/lib/wii/libaesnd.a(aesndlib.o)
                0x8002f090                AESND_AllocateVoiceWithArg
 .text.AESND_FreeVoice
                0x8002f150       0x54 /opt/devkitpro/libogc/lib/wii/libaesnd.a(aesndlib.o)
                0x8002f150                AESND_FreeVoice
 .text.AESND_SetVoiceBuffer
                0x8002f1a4       0x30 /opt/devkitpro/libogc/lib/wii/libaesnd.a(aesndlib.o)
                0x8002f1a4                AESND_SetVoiceBuffer
 .text.AESND_SetVoiceFormat
                0x8002f1d4       0x58 /opt/devkitpro/libogc/lib/wii/libaesnd.a(aesndlib.o)
                0x8002f1d4                AESND_SetVoiceFormat
 .text.AESND_SetVoiceFrequency
                0x8002f22c       0xa0 /opt/devkitpro/libogc/lib/wii/libaesnd.a(aesndlib.o)
                0x8002f22c                AESND_SetVoiceFrequency
 .text.AESND_SetVoiceStream
                0x8002f2cc       0x40 /opt/devkitpro/libogc/lib/wii/libaesnd.a(aesndlib.o)
                0x8002f2cc                AESND_SetVoiceStream
 .text.AESND_SetVoiceStop
                0x8002f30c       0x40 /opt/devkitpro/libogc/lib/wii/libaesnd.a(aesndlib.o)
                0x8002f30c                AESND_SetVoiceStop
 .text.__wpad_setevtfilter_finished
                0x8002f34c       0x60 /opt/devkitpro/libogc/lib/wii/libwiiuse.a(wpad.o)
 .text.__wpad_disconnectCB
                0x8002f3ac      0x1a8 /opt/devkitpro/libogc/lib/wii/libwiiuse.a(wpad.o)
                0x8002f3ac                __wpad_disconnectCB
 .text.__wpad_hostsyncbuttonCB
                0x8002f554       0x7c /opt/devkitpro/libogc/lib/wii/libwiiuse.a(wpad.o)
 .text.GetActiveSlot
                0x8002f5d0       0x8c /opt/devkitpro/libogc/lib/wii/libwiiuse.a(wpad.o)
 .text.__wpad_assign_slot
                0x8002f65c      0x160 /opt/devkitpro/libogc/lib/wii/libwiiuse.a(wpad.o)
                0x8002f65c                __wpad_assign_slot
 .text.__wpad_register_new
                0x8002f7bc      0x460 /opt/devkitpro/libogc/lib/wii/libwiiuse.a(wpad.o)
                0x8002f7bc                __wpad_register_new
 .text.__wpad_def_powcb
                0x8002fc1c        0x4 /opt/devkitpro/libogc/lib/wii/libwiiuse.a(wpad.o)
 .text.__wpad_read_remote_name_finished
                0x8002fc20      0x240 /opt/devkitpro/libogc/lib/wii/libwiiuse.a(wpad.o)
                0x8002fc20                __wpad_read_remote_name_finished
 .text.__wpad_confsave_thread_func
                0x8002fe60       0x58 /opt/devkitpro/libogc/lib/wii/libwiiuse.a(wpad.o)
 .text.__initcore_finished
                0x8002feb8       0x90 /opt/devkitpro/libogc/lib/wii/libwiiuse.a(wpad.o)
 .text.__readlinkkey_finished
                0x8002ff48      0x124 /opt/devkitpro/libogc/lib/wii/libwiiuse.a(wpad.o)
 .text.__wpad_patch_finished
                0x8003006c       0x7c /opt/devkitpro/libogc/lib/wii/libwiiuse.a(wpad.o)
 .text.__wpad_init_finished
                0x800300e8       0x88 /opt/devkitpro/libogc/lib/wii/libwiiuse.a(wpad.o)
 .text.__wpad_linkkeynotCB
                0x80030170      0x320 /opt/devkitpro/libogc/lib/wii/libwiiuse.a(wpad.o)
 .text.__wpad_linkkeyreqCB
                0x80030490      0x16c /opt/devkitpro/libogc/lib/wii/libwiiuse.a(wpad.o)
 .text.__wpad_connreqCB
                0x800305fc      0x2bc /opt/devkitpro/libogc/lib/wii/libwiiuse.a(wpad.o)
 .text.__wpad_setfmt
                0x800308b8      0x14c /opt/devkitpro/libogc/lib/wii/libwiiuse.a(wpad.o)
 .text.__wpad_eventCB
                0x80030a04      0xbd4 /opt/devkitpro/libogc/lib/wii/libwiiuse.a(wpad.o)
 .text.__wpad_inquiry_finished
                0x800315d8      0x124 /opt/devkitpro/libogc/lib/wii/libwiiuse.a(wpad.o)
                0x800315d8                __wpad_inquiry_finished
 .text.__wpad_timeouthandler
                0x800316fc       0xd8 /opt/devkitpro/libogc/lib/wii/libwiiuse.a(wpad.o)
 .text.__WPADClearActiveList
                0x800317d4      0x110 /opt/devkitpro/libogc/lib/wii/libwiiuse.a(wpad.o)
                0x800317d4                __WPADClearActiveList
 .text.WPAD_WipeSavedControllers
                0x800318e4      0x138 /opt/devkitpro/libogc/lib/wii/libwiiuse.a(wpad.o)
                0x800318e4                WPAD_WipeSavedControllers
 .text.__wpad_def_hostsynccb
                0x80031a1c       0x60 /opt/devkitpro/libogc/lib/wii/libwiiuse.a(wpad.o)
 .text.WPAD_ReadEvent
                0x80031a7c      0x638 /opt/devkitpro/libogc/lib/wii/libwiiuse.a(wpad.o)
                0x80031a7c                WPAD_ReadEvent
 .text.WPAD_ReadPending
                0x800320b4      0x1b4 /opt/devkitpro/libogc/lib/wii/libwiiuse.a(wpad.o)
                0x800320b4                WPAD_ReadPending
 .text.WPAD_SetDataFormat
                0x80032268      0x154 /opt/devkitpro/libogc/lib/wii/libwiiuse.a(wpad.o)
                0x80032268                WPAD_SetDataFormat
 .text.WPAD_SetVRes
                0x800323bc      0x12c /opt/devkitpro/libogc/lib/wii/libwiiuse.a(wpad.o)
                0x800323bc                WPAD_SetVRes
 .text.WPAD_Shutdown
                0x800324e8      0x13c /opt/devkitpro/libogc/lib/wii/libwiiuse.a(wpad.o)
                0x800324e8                WPAD_Shutdown
 .text.WPAD_Init
                0x80032624      0x30c /opt/devkitpro/libogc/lib/wii/libwiiuse.a(wpad.o)
                0x80032624                WPAD_Init
 .text.__wpad_onreset
                0x80032930       0x34 /opt/devkitpro/libogc/lib/wii/libwiiuse.a(wpad.o)
 .text.WPAD_ScanPads
                0x80032964       0x7c /opt/devkitpro/libogc/lib/wii/libwiiuse.a(wpad.o)
                0x80032964                WPAD_ScanPads
 .text.WPAD_Data
                0x800329e0       0x24 /opt/devkitpro/libogc/lib/wii/libwiiuse.a(wpad.o)
                0x800329e0                WPAD_Data
 .text.WPAD_ButtonsHeld
                0x80032a04       0x28 /opt/devkitpro/libogc/lib/wii/libwiiuse.a(wpad.o)
                0x80032a04                WPAD_ButtonsHeld
 .text.motion_plus_disconnected
                0x80032a2c       0x10 /opt/devkitpro/libogc/lib/wii/libwiiuse.a(motion_plus.o)
                0x80032a2c                motion_plus_disconnected
 .text.motion_plus_event
                0x80032a3c       0x64 /opt/devkitpro/libogc/lib/wii/libwiiuse.a(motion_plus.o)
                0x80032a3c                motion_plus_event
 .text.calculate_gforce
                0x80032aa0      0x114 /opt/devkitpro/libogc/lib/wii/libwiiuse.a(dynamics.o)
                0x80032aa0                calculate_gforce
 .text.calc_joystick_state
                0x80032bb4      0x208 /opt/devkitpro/libogc/lib/wii/libwiiuse.a(dynamics.o)
                0x80032bb4                calc_joystick_state
 .text.apply_smoothing
                0x80032dbc      0x110 /opt/devkitpro/libogc/lib/wii/libwiiuse.a(dynamics.o)
                0x80032dbc                apply_smoothing
 .text.calculate_orientation
                0x80032ecc      0x360 /opt/devkitpro/libogc/lib/wii/libwiiuse.a(dynamics.o)
                0x80032ecc                calculate_orientation
 .text.calc_balanceboard_state
                0x8003322c      0x3a4 /opt/devkitpro/libogc/lib/wii/libwiiuse.a(dynamics.o)
                0x8003322c                calc_balanceboard_state
 .text.wiiuse_handshake
                0x800335d0      0x24c /opt/devkitpro/libogc/lib/wii/libwiiuse.a(io.o)
                0x800335d0                wiiuse_handshake
 .text.wiiuse_handshake_expansion
                0x8003381c      0x210 /opt/devkitpro/libogc/lib/wii/libwiiuse.a(io.o)
                0x8003381c                wiiuse_handshake_expansion
 .text.wiiuse_handshake_expansion_start
                0x80033a2c       0x5c /opt/devkitpro/libogc/lib/wii/libwiiuse.a(io.o)
                0x80033a2c                wiiuse_handshake_expansion_start
 .text.wiiuse_disable_expansion
                0x80033a88      0x1b0 /opt/devkitpro/libogc/lib/wii/libwiiuse.a(io.o)
                0x80033a88                wiiuse_disable_expansion
 .text.__wiiuse_connected
                0x80033c38       0xac /opt/devkitpro/libogc/lib/wii/libwiiuse.a(io_wii.o)
 .text.__wiiuse_disconnected
                0x80033ce4       0xc8 /opt/devkitpro/libogc/lib/wii/libwiiuse.a(io_wii.o)
 .text.__wiiuse_receive
                0x80033dac       0xc4 /opt/devkitpro/libogc/lib/wii/libwiiuse.a(io_wii.o)
 .text.__wiiuse_accept_step2
                0x80033e70       0x5c /opt/devkitpro/libogc/lib/wii/libwiiuse.a(io_wii.o)
 .text.__wiiuse_connect_step2
                0x80033ecc       0x5c /opt/devkitpro/libogc/lib/wii/libwiiuse.a(io_wii.o)
 .text.__wiiuse_sensorbar_enable
                0x80033f28       0x50 /opt/devkitpro/libogc/lib/wii/libwiiuse.a(io_wii.o)
                0x80033f28                __wiiuse_sensorbar_enable
 .text.wiiuse_accept
                0x80033f78      0x15c /opt/devkitpro/libogc/lib/wii/libwiiuse.a(io_wii.o)
                0x80033f78                wiiuse_accept
 .text.wiiuse_connect
                0x800340d4      0x15c /opt/devkitpro/libogc/lib/wii/libwiiuse.a(io_wii.o)
                0x800340d4                wiiuse_connect
 .text.wiiuse_disconnect
                0x80034230       0x50 /opt/devkitpro/libogc/lib/wii/libwiiuse.a(io_wii.o)
                0x80034230                wiiuse_disconnect
 .text.wiiuse_init_cmd_queue
                0x80034280       0xa4 /opt/devkitpro/libogc/lib/wii/libwiiuse.a(io_wii.o)
                0x80034280                wiiuse_init_cmd_queue
 .text.wiiuse_io_write
                0x80034324       0x1c /opt/devkitpro/libogc/lib/wii/libwiiuse.a(io_wii.o)
                0x80034324                wiiuse_io_write
 .text.rotate_dots
                0x80034340      0x134 /opt/devkitpro/libogc/lib/wii/libwiiuse.a(ir.o)
 .text.wiiuse_set_ir_mode
                0x80034474       0x5c /opt/devkitpro/libogc/lib/wii/libwiiuse.a(ir.o)
                0x80034474                wiiuse_set_ir_mode
 .text.wiiuse_set_ir
                0x800344d0      0x25c /opt/devkitpro/libogc/lib/wii/libwiiuse.a(ir.o)
                0x800344d0                wiiuse_set_ir
 .text.wiiuse_set_ir_vres
                0x8003472c       0x1c /opt/devkitpro/libogc/lib/wii/libwiiuse.a(ir.o)
                0x8003472c                wiiuse_set_ir_vres
 .text.wiiuse_set_ir_position
                0x80034748       0x80 /opt/devkitpro/libogc/lib/wii/libwiiuse.a(ir.o)
                0x80034748                wiiuse_set_ir_position
 .text.wiiuse_set_aspect_ratio
                0x800347c8       0xac /opt/devkitpro/libogc/lib/wii/libwiiuse.a(ir.o)
                0x800347c8                wiiuse_set_aspect_ratio
 .text.wiiuse_set_ir_sensitivity
                0x80034874      0x190 /opt/devkitpro/libogc/lib/wii/libwiiuse.a(ir.o)
                0x80034874                wiiuse_set_ir_sensitivity
 .text.calculate_basic_ir
                0x80034a04       0xe8 /opt/devkitpro/libogc/lib/wii/libwiiuse.a(ir.o)
                0x80034a04                calculate_basic_ir
 .text.calculate_extended_ir
                0x80034aec       0x64 /opt/devkitpro/libogc/lib/wii/libwiiuse.a(ir.o)
                0x80034aec                calculate_extended_ir
 .text.find_sensorbar
                0x80034b50      0xacc /opt/devkitpro/libogc/lib/wii/libwiiuse.a(ir.o)
                0x80034b50                find_sensorbar
 .text.apply_ir_smoothing
                0x8003561c      0x120 /opt/devkitpro/libogc/lib/wii/libwiiuse.a(ir.o)
                0x8003561c                apply_ir_smoothing
 .text.interpret_ir_data
                0x8003573c      0x3e8 /opt/devkitpro/libogc/lib/wii/libwiiuse.a(ir.o)
                0x8003573c                interpret_ir_data
 .text.nunchuk_handshake
                0x80035b24      0x390 /opt/devkitpro/libogc/lib/wii/libwiiuse.a(nunchuk.o)
                0x80035b24                nunchuk_handshake
 .text.nunchuk_disconnected
                0x80035eb4        0xc /opt/devkitpro/libogc/lib/wii/libwiiuse.a(nunchuk.o)
                0x80035eb4                nunchuk_disconnected
 .text.nunchuk_event
                0x80035ec0       0xe8 /opt/devkitpro/libogc/lib/wii/libwiiuse.a(nunchuk.o)
                0x80035ec0                nunchuk_event
 .text.wii_board_handshake
                0x80035fa8      0x28c /opt/devkitpro/libogc/lib/wii/libwiiuse.a(wiiboard.o)
                0x80035fa8                wii_board_handshake
 .text.wii_board_disconnected
                0x80036234        0xc /opt/devkitpro/libogc/lib/wii/libwiiuse.a(wiiboard.o)
                0x80036234                wii_board_disconnected
 .text.wii_board_event
                0x80036240       0x24 /opt/devkitpro/libogc/lib/wii/libwiiuse.a(wiiboard.o)
                0x80036240                wii_board_event
 .text.wiiuse_send_next_command
                0x80036264       0x58 /opt/devkitpro/libogc/lib/wii/libwiiuse.a(wiiuse.o)
                0x80036264                wiiuse_send_next_command
 .text.wiiuse_init
                0x800362bc      0x1fc /opt/devkitpro/libogc/lib/wii/libwiiuse.a(wiiuse.o)
                0x800362bc                wiiuse_init
 .text.wiiuse_set_flags
                0x800364b8       0x28 /opt/devkitpro/libogc/lib/wii/libwiiuse.a(wiiuse.o)
                0x800364b8                wiiuse_set_flags
 .text.wiiuse_read_data
                0x800364e0      0x120 /opt/devkitpro/libogc/lib/wii/libwiiuse.a(wiiuse.o)
                0x800364e0                wiiuse_read_data
 .text.wiiuse_write_data
                0x80036600      0x158 /opt/devkitpro/libogc/lib/wii/libwiiuse.a(wiiuse.o)
                0x80036600                wiiuse_write_data
 .text.wiiuse_sendcmd
                0x80036758      0x13c /opt/devkitpro/libogc/lib/wii/libwiiuse.a(wiiuse.o)
                0x80036758                wiiuse_sendcmd
 .text.wiiuse_set_leds
                0x80036894       0x50 /opt/devkitpro/libogc/lib/wii/libwiiuse.a(wiiuse.o)
                0x80036894                wiiuse_set_leds
 .text.wiiuse_set_report_type
                0x800368e4       0xb4 /opt/devkitpro/libogc/lib/wii/libwiiuse.a(wiiuse.o)
                0x800368e4                wiiuse_set_report_type
 .text.wiiuse_status
                0x80036998       0x4c /opt/devkitpro/libogc/lib/wii/libwiiuse.a(wiiuse.o)
                0x80036998                wiiuse_status
 .text.wiiuse_motion_sensing
                0x800369e4       0x84 /opt/devkitpro/libogc/lib/wii/libwiiuse.a(wiiuse.o)
                0x800369e4                wiiuse_motion_sensing
 .text.wiiuse_set_speaker
                0x80036a68      0x248 /opt/devkitpro/libogc/lib/wii/libwiiuse.a(speaker.o)
                0x80036a68                wiiuse_set_speaker
 .text.classic_ctrl_pressed_buttons
                0x80036cb0       0x4c /opt/devkitpro/libogc/lib/wii/libwiiuse.a(classic.o)
 .text.classic_ctrl_handshake
                0x80036cfc      0x460 /opt/devkitpro/libogc/lib/wii/libwiiuse.a(classic.o)
                0x80036cfc                classic_ctrl_handshake
 .text.classic_ctrl_disconnected
                0x8003715c        0xc /opt/devkitpro/libogc/lib/wii/libwiiuse.a(classic.o)
                0x8003715c                classic_ctrl_disconnected
 .text.classic_ctrl_event
                0x80037168      0x19c /opt/devkitpro/libogc/lib/wii/libwiiuse.a(classic.o)
                0x80037168                classic_ctrl_event
 .text.handle_expansion
                0x80037304       0x54 /opt/devkitpro/libogc/lib/wii/libwiiuse.a(events.o)
 .text.parse_event
                0x80037358      0x73c /opt/devkitpro/libogc/lib/wii/libwiiuse.a(events.o)
                0x80037358                parse_event
 .text.guitar_hero_3_handshake
                0x80037a94       0x5c /opt/devkitpro/libogc/lib/wii/libwiiuse.a(guitar_hero_3.o)
                0x80037a94                guitar_hero_3_handshake
 .text.guitar_hero_3_disconnected
                0x80037af0        0xc /opt/devkitpro/libogc/lib/wii/libwiiuse.a(guitar_hero_3.o)
                0x80037af0                guitar_hero_3_disconnected
 .text.guitar_hero_3_event
                0x80037afc       0x60 /opt/devkitpro/libogc/lib/wii/libwiiuse.a(guitar_hero_3.o)
                0x80037afc                guitar_hero_3_event
 .text.acl_wlp_completed
                0x80037b5c        0x8 /opt/devkitpro/libogc/lib/wii/libbte.a(bte.o)
                0x80037b5c                acl_wlp_completed
 .text.bt_alarmhandler
                0x80037b64        0x4 /opt/devkitpro/libogc/lib/wii/libbte.a(bte.o)
 .text.__bte_send_pending_request
                0x80037b68      0x11c /opt/devkitpro/libogc/lib/wii/libbte.a(bte.o)
 .text.acl_conn_complete
                0x80037c84       0x28 /opt/devkitpro/libogc/lib/wii/libbte.a(bte.o)
                0x80037c84                acl_conn_complete
 .text.acl_auth_complete
                0x80037cac       0x2c /opt/devkitpro/libogc/lib/wii/libbte.a(bte.o)
                0x80037cac                acl_auth_complete
 .text.pin_req  0x80037cd8       0x8c /opt/devkitpro/libogc/lib/wii/libbte.a(bte.o)
                0x80037cd8                pin_req
 .text.l2cap_connected
                0x80037d64       0xf0 /opt/devkitpro/libogc/lib/wii/libbte.a(bte.o)
                0x80037d64                l2cap_connected
 .text.l2cap_accepted
                0x80037e54       0xe8 /opt/devkitpro/libogc/lib/wii/libbte.a(bte.o)
                0x80037e54                l2cap_accepted
 .text.bte_inquiry_complete
                0x80037f3c      0x230 /opt/devkitpro/libogc/lib/wii/libbte.a(bte.o)
                0x80037f3c                bte_inquiry_complete
 .text.l2cap_disconnect_cfm
                0x8003816c      0x180 /opt/devkitpro/libogc/lib/wii/libbte.a(bte.o)
                0x8003816c                l2cap_disconnect_cfm
 .text.bte_process_input
                0x800382ec      0x120 /opt/devkitpro/libogc/lib/wii/libbte.a(bte.o)
 .text.l2cap_disconnected_ind
                0x8003840c      0x18c /opt/devkitpro/libogc/lib/wii/libbte.a(bte.o)
                0x8003840c                l2cap_disconnected_ind
 .text.__bte_shutdown_finished
                0x80038598       0xe0 /opt/devkitpro/libogc/lib/wii/libbte.a(bte.o)
 .text.bte_hci_apply_patch_complete
                0x80038678      0x148 /opt/devkitpro/libogc/lib/wii/libbte.a(bte.o)
                0x80038678                bte_hci_apply_patch_complete
 .text.bte_hci_patch_complete
                0x800387c0      0x340 /opt/devkitpro/libogc/lib/wii/libbte.a(bte.o)
                0x800387c0                bte_hci_patch_complete
 .text.bte_read_remote_name_complete
                0x80038b00      0x178 /opt/devkitpro/libogc/lib/wii/libbte.a(bte.o)
                0x80038b00                bte_read_remote_name_complete
 .text.bte_hci_initcore_complete
                0x80038c78      0x278 /opt/devkitpro/libogc/lib/wii/libbte.a(bte.o)
                0x80038c78                bte_hci_initcore_complete
 .text.bte_read_stored_link_key_complete
                0x80038ef0      0x274 /opt/devkitpro/libogc/lib/wii/libbte.a(bte.o)
                0x80038ef0                bte_read_stored_link_key_complete
 .text.bte_set_evt_filter_complete
                0x80039164      0x1c4 /opt/devkitpro/libogc/lib/wii/libbte.a(bte.o)
                0x80039164                bte_set_evt_filter_complete
 .text.bte_hci_initcore_complete2
                0x80039328      0x218 /opt/devkitpro/libogc/lib/wii/libbte.a(bte.o)
 .text.bte_hci_initsub_complete
                0x80039540      0x260 /opt/devkitpro/libogc/lib/wii/libbte.a(bte.o)
                0x80039540                bte_hci_initsub_complete
 .text.BTE_Init
                0x800397a0      0x148 /opt/devkitpro/libogc/lib/wii/libbte.a(bte.o)
                0x800397a0                BTE_Init
 .text.BTE_Close
                0x800398e8       0x58 /opt/devkitpro/libogc/lib/wii/libbte.a(bte.o)
                0x800398e8                BTE_Close
 .text.BTE_Shutdown
                0x80039940       0xfc /opt/devkitpro/libogc/lib/wii/libbte.a(bte.o)
                0x80039940                BTE_Shutdown
 .text.BTE_InitCore
                0x80039a3c       0x74 /opt/devkitpro/libogc/lib/wii/libbte.a(bte.o)
                0x80039a3c                BTE_InitCore
 .text.BTE_ApplyPatch
                0x80039ab0       0x8c /opt/devkitpro/libogc/lib/wii/libbte.a(bte.o)
                0x80039ab0                BTE_ApplyPatch
 .text.BTE_InitSub
                0x80039b3c       0x78 /opt/devkitpro/libogc/lib/wii/libbte.a(bte.o)
                0x80039b3c                BTE_InitSub
 .text.BTE_ReadStoredLinkKey
                0x80039bb4       0x78 /opt/devkitpro/libogc/lib/wii/libbte.a(bte.o)
                0x80039bb4                BTE_ReadStoredLinkKey
 .text.BTE_SetEvtFilter
                0x80039c2c       0xa0 /opt/devkitpro/libogc/lib/wii/libbte.a(bte.o)
                0x80039c2c                BTE_SetEvtFilter
 .text.BTE_ReadRemoteName
                0x80039ccc       0x74 /opt/devkitpro/libogc/lib/wii/libbte.a(bte.o)
                0x80039ccc                BTE_ReadRemoteName
 .text.BTE_LinkKeyRequestReply
                0x80039d40       0x84 /opt/devkitpro/libogc/lib/wii/libbte.a(bte.o)
                0x80039d40                BTE_LinkKeyRequestReply
 .text.BTE_LinkKeyRequestNegativeReply
                0x80039dc4       0x74 /opt/devkitpro/libogc/lib/wii/libbte.a(bte.o)
                0x80039dc4                BTE_LinkKeyRequestNegativeReply
 .text.BTE_GetPairMode
                0x80039e38        0xc /opt/devkitpro/libogc/lib/wii/libbte.a(bte.o)
                0x80039e38                BTE_GetPairMode
 .text.BTE_SetDisconnectCallback
                0x80039e44        0x4 /opt/devkitpro/libogc/lib/wii/libbte.a(bte.o)
                0x80039e44                BTE_SetDisconnectCallback
 .text.BTE_SetHostSyncButtonCallback
                0x80039e48       0x44 /opt/devkitpro/libogc/lib/wii/libbte.a(bte.o)
                0x80039e48                BTE_SetHostSyncButtonCallback
 .text.BTE_SetConnectionRequestCallback
                0x80039e8c       0x44 /opt/devkitpro/libogc/lib/wii/libbte.a(bte.o)
                0x80039e8c                BTE_SetConnectionRequestCallback
 .text.BTE_SetLinkKeyRequestCallback
                0x80039ed0       0x44 /opt/devkitpro/libogc/lib/wii/libbte.a(bte.o)
                0x80039ed0                BTE_SetLinkKeyRequestCallback
 .text.BTE_SetLinkKeyNotificationCallback
                0x80039f14       0x44 /opt/devkitpro/libogc/lib/wii/libbte.a(bte.o)
                0x80039f14                BTE_SetLinkKeyNotificationCallback
 .text.BTE_WriteStoredLinkKey
                0x80039f58       0x84 /opt/devkitpro/libogc/lib/wii/libbte.a(bte.o)
                0x80039f58                BTE_WriteStoredLinkKey
 .text.BTE_ClearStoredLinkKeys
                0x80039fdc       0x68 /opt/devkitpro/libogc/lib/wii/libbte.a(bte.o)
                0x80039fdc                BTE_ClearStoredLinkKeys
 .text.bte_new  0x8003a044       0x54 /opt/devkitpro/libogc/lib/wii/libbte.a(bte.o)
                0x8003a044                bte_new
 .text.bte_free
                0x8003a098       0x38 /opt/devkitpro/libogc/lib/wii/libbte.a(bte.o)
                0x8003a098                bte_free
 .text.BTE_Inquiry
                0x8003a0d0       0xbc /opt/devkitpro/libogc/lib/wii/libbte.a(bte.o)
                0x8003a0d0                BTE_Inquiry
 .text.bte_disconnect
                0x8003a18c       0xc0 /opt/devkitpro/libogc/lib/wii/libbte.a(bte.o)
                0x8003a18c                bte_disconnect
 .text.bte_connectasync
                0x8003a24c      0x11c /opt/devkitpro/libogc/lib/wii/libbte.a(bte.o)
                0x8003a24c                bte_connectasync
 .text.bte_connectasync_step2
                0x8003a368       0xd4 /opt/devkitpro/libogc/lib/wii/libbte.a(bte.o)
                0x8003a368                bte_connectasync_step2
 .text.bte_listenasync
                0x8003a43c      0x108 /opt/devkitpro/libogc/lib/wii/libbte.a(bte.o)
                0x8003a43c                bte_listenasync
 .text.bte_listenasync_step2
                0x8003a544       0xd0 /opt/devkitpro/libogc/lib/wii/libbte.a(bte.o)
                0x8003a544                bte_listenasync_step2
 .text.bte_senddata
                0x8003a614       0xfc /opt/devkitpro/libogc/lib/wii/libbte.a(bte.o)
                0x8003a614                bte_senddata
 .text.bte_arg  0x8003a710       0x24 /opt/devkitpro/libogc/lib/wii/libbte.a(bte.o)
                0x8003a710                bte_arg
 .text.bte_received
                0x8003a734       0x24 /opt/devkitpro/libogc/lib/wii/libbte.a(bte.o)
                0x8003a734                bte_received
 .text.bte_disconnected
                0x8003a758       0x24 /opt/devkitpro/libogc/lib/wii/libbte.a(bte.o)
                0x8003a758                bte_disconnected
 .text.hci_get_link
                0x8003a77c       0x84 /opt/devkitpro/libogc/lib/wii/libbte.a(hci.o)
 .text.hci_init
                0x8003a800       0x7c /opt/devkitpro/libogc/lib/wii/libbte.a(hci.o)
                0x8003a800                hci_init
 .text.hci_close
                0x8003a87c      0x124 /opt/devkitpro/libogc/lib/wii/libbte.a(hci.o)
                0x8003a87c                hci_close
 .text.hci_reset_all
                0x8003a9a0       0xa8 /opt/devkitpro/libogc/lib/wii/libbte.a(hci.o)
                0x8003a9a0                hci_reset_all
 .text.hci_arg  0x8003aa48        0xc /opt/devkitpro/libogc/lib/wii/libbte.a(hci.o)
                0x8003aa48                hci_arg
 .text.hci_cmd_complete
                0x8003aa54        0xc /opt/devkitpro/libogc/lib/wii/libbte.a(hci.o)
                0x8003aa54                hci_cmd_complete
 .text.hci_pin_req
                0x8003aa60        0xc /opt/devkitpro/libogc/lib/wii/libbte.a(hci.o)
                0x8003aa60                hci_pin_req
 .text.hci_sync_btn
                0x8003aa6c        0xc /opt/devkitpro/libogc/lib/wii/libbte.a(hci.o)
                0x8003aa6c                hci_sync_btn
 .text.hci_remote_name_req_complete
                0x8003aa78        0xc /opt/devkitpro/libogc/lib/wii/libbte.a(hci.o)
                0x8003aa78                hci_remote_name_req_complete
 .text.hci_link_key_req
                0x8003aa84        0xc /opt/devkitpro/libogc/lib/wii/libbte.a(hci.o)
                0x8003aa84                hci_link_key_req
 .text.hci_link_key_not
                0x8003aa90        0xc /opt/devkitpro/libogc/lib/wii/libbte.a(hci.o)
                0x8003aa90                hci_link_key_not
 .text.hci_connection_complete
                0x8003aa9c        0xc /opt/devkitpro/libogc/lib/wii/libbte.a(hci.o)
                0x8003aa9c                hci_connection_complete
 .text.hci_auth_complete
                0x8003aaa8        0xc /opt/devkitpro/libogc/lib/wii/libbte.a(hci.o)
                0x8003aaa8                hci_auth_complete
 .text.hci_wlp_complete
                0x8003aab4        0xc /opt/devkitpro/libogc/lib/wii/libbte.a(hci.o)
                0x8003aab4                hci_wlp_complete
 .text.hci_conn_req
                0x8003aac0        0xc /opt/devkitpro/libogc/lib/wii/libbte.a(hci.o)
                0x8003aac0                hci_conn_req
 .text.hci_reset
                0x8003aacc       0xa8 /opt/devkitpro/libogc/lib/wii/libbte.a(hci.o)
                0x8003aacc                hci_reset
 .text.hci_read_buffer_size
                0x8003ab74       0xa8 /opt/devkitpro/libogc/lib/wii/libbte.a(hci.o)
                0x8003ab74                hci_read_buffer_size
 .text.hci_read_bd_addr
                0x8003ac1c       0xa8 /opt/devkitpro/libogc/lib/wii/libbte.a(hci.o)
                0x8003ac1c                hci_read_bd_addr
 .text.hci_read_local_version
                0x8003acc4       0xa4 /opt/devkitpro/libogc/lib/wii/libbte.a(hci.o)
                0x8003acc4                hci_read_local_version
 .text.hci_read_local_features
                0x8003ad68       0xa8 /opt/devkitpro/libogc/lib/wii/libbte.a(hci.o)
                0x8003ad68                hci_read_local_features
 .text.hci_read_stored_link_key
                0x8003ae10      0x10c /opt/devkitpro/libogc/lib/wii/libbte.a(hci.o)
                0x8003ae10                hci_read_stored_link_key
 .text.hci_set_event_filter
                0x8003af1c      0x178 /opt/devkitpro/libogc/lib/wii/libbte.a(hci.o)
                0x8003af1c                hci_set_event_filter
 .text.hci_write_page_timeout
                0x8003b094       0xc8 /opt/devkitpro/libogc/lib/wii/libbte.a(hci.o)
                0x8003b094                hci_write_page_timeout
 .text.hci_write_scan_enable
                0x8003b15c       0xc0 /opt/devkitpro/libogc/lib/wii/libbte.a(hci.o)
                0x8003b15c                hci_write_scan_enable
 .text.hci_inquiry
                0x8003b21c      0x144 /opt/devkitpro/libogc/lib/wii/libbte.a(hci.o)
                0x8003b21c                hci_inquiry
 .text.hci_accept_conn_request
                0x8003b360       0xf0 /opt/devkitpro/libogc/lib/wii/libbte.a(hci.o)
                0x8003b360                hci_accept_conn_request
 .text.hci_write_local_name
                0x8003b450       0xec /opt/devkitpro/libogc/lib/wii/libbte.a(hci.o)
                0x8003b450                hci_write_local_name
 .text.hci_write_pin_type
                0x8003b53c       0xc0 /opt/devkitpro/libogc/lib/wii/libbte.a(hci.o)
                0x8003b53c                hci_write_pin_type
 .text.hci_read_remote_name
                0x8003b5fc      0x1a8 /opt/devkitpro/libogc/lib/wii/libbte.a(hci.o)
                0x8003b5fc                hci_read_remote_name
 .text.hci_write_inquiry_mode
                0x8003b7a4       0xc0 /opt/devkitpro/libogc/lib/wii/libbte.a(hci.o)
                0x8003b7a4                hci_write_inquiry_mode
 .text.hci_write_page_scan_type
                0x8003b864       0xc0 /opt/devkitpro/libogc/lib/wii/libbte.a(hci.o)
                0x8003b864                hci_write_page_scan_type
 .text.hci_write_inquiry_scan_type
                0x8003b924       0xc0 /opt/devkitpro/libogc/lib/wii/libbte.a(hci.o)
                0x8003b924                hci_write_inquiry_scan_type
 .text.hci_vendor_specific_command
                0x8003b9e4      0x104 /opt/devkitpro/libogc/lib/wii/libbte.a(hci.o)
                0x8003b9e4                hci_vendor_specific_command
 .text.hci_auth_req
                0x8003bae8       0xdc /opt/devkitpro/libogc/lib/wii/libbte.a(hci.o)
                0x8003bae8                hci_auth_req
 .text.hci_write_link_policy_settings
                0x8003bbc4       0xf4 /opt/devkitpro/libogc/lib/wii/libbte.a(hci.o)
                0x8003bbc4                hci_write_link_policy_settings
 .text.hci_pin_code_request_reply
                0x8003bcb8      0x150 /opt/devkitpro/libogc/lib/wii/libbte.a(hci.o)
                0x8003bcb8                hci_pin_code_request_reply
 .text.hci_link_key_req_reply
                0x8003be08      0x114 /opt/devkitpro/libogc/lib/wii/libbte.a(hci.o)
                0x8003be08                hci_link_key_req_reply
 .text.hci_pin_code_request_neg_reply
                0x8003bf1c       0xd4 /opt/devkitpro/libogc/lib/wii/libbte.a(hci.o)
                0x8003bf1c                hci_pin_code_request_neg_reply
 .text.hci_link_key_req_neg_reply
                0x8003bff0       0xd4 /opt/devkitpro/libogc/lib/wii/libbte.a(hci.o)
                0x8003bff0                hci_link_key_req_neg_reply
 .text.hci_disconnect
                0x8003c0c4       0xf8 /opt/devkitpro/libogc/lib/wii/libbte.a(hci.o)
                0x8003c0c4                hci_disconnect
 .text.hci_reject_connection_request
                0x8003c1bc       0xf0 /opt/devkitpro/libogc/lib/wii/libbte.a(hci.o)
                0x8003c1bc                hci_reject_connection_request
 .text.hci_write_stored_link_key
                0x8003c2ac      0x128 /opt/devkitpro/libogc/lib/wii/libbte.a(hci.o)
                0x8003c2ac                hci_write_stored_link_key
 .text.hci_delete_stored_link_key
                0x8003c3d4      0x10c /opt/devkitpro/libogc/lib/wii/libbte.a(hci.o)
                0x8003c3d4                hci_delete_stored_link_key
 .text.hci_write_cod
                0x8003c4e0       0xd8 /opt/devkitpro/libogc/lib/wii/libbte.a(hci.o)
                0x8003c4e0                hci_write_cod
 .text.hci_host_buffer_size
                0x8003c5b8       0xf8 /opt/devkitpro/libogc/lib/wii/libbte.a(hci.o)
                0x8003c5b8                hci_host_buffer_size
 .text.hci_host_num_comp_packets
                0x8003c6b0      0x100 /opt/devkitpro/libogc/lib/wii/libbte.a(hci.o)
                0x8003c6b0                hci_host_num_comp_packets
 .text.lp_pdu_maxsize
                0x8003c7b0        0xc /opt/devkitpro/libogc/lib/wii/libbte.a(hci.o)
                0x8003c7b0                lp_pdu_maxsize
 .text.hci_get_bd_addr
                0x8003c7bc       0x50 /opt/devkitpro/libogc/lib/wii/libbte.a(hci.o)
                0x8003c7bc                hci_get_bd_addr
 .text.lp_is_connected
                0x8003c80c       0x28 /opt/devkitpro/libogc/lib/wii/libbte.a(hci.o)
                0x8003c80c                lp_is_connected
 .text.lp_acl_write
                0x8003c834      0x144 /opt/devkitpro/libogc/lib/wii/libbte.a(hci.o)
                0x8003c834                lp_acl_write
 .text.lp_write_flush_timeout
                0x8003c978       0xf4 /opt/devkitpro/libogc/lib/wii/libbte.a(hci.o)
                0x8003c978                lp_write_flush_timeout
 .text.lp_connect_req
                0x8003ca6c      0x274 /opt/devkitpro/libogc/lib/wii/libbte.a(hci.o)
                0x8003ca6c                lp_connect_req
 .text.hci_event_handler
                0x8003cce0      0xdf4 /opt/devkitpro/libogc/lib/wii/libbte.a(hci.o)
                0x8003cce0                hci_event_handler
 .text.hci_acldata_handler
                0x8003dad4       0xec /opt/devkitpro/libogc/lib/wii/libbte.a(hci.o)
                0x8003dad4                hci_acldata_handler
 .text.l2cap_init
                0x8003dbc0       0x60 /opt/devkitpro/libogc/lib/wii/libbte.a(l2cap.o)
                0x8003dbc0                l2cap_init
 .text.l2cap_write
                0x8003dc20      0x1a0 /opt/devkitpro/libogc/lib/wii/libbte.a(l2cap.o)
                0x8003dc20                l2cap_write
 .text.l2cap_new
                0x8003ddc0       0x60 /opt/devkitpro/libogc/lib/wii/libbte.a(l2cap.o)
                0x8003ddc0                l2cap_new
 .text.l2cap_close
                0x8003de20      0x1b4 /opt/devkitpro/libogc/lib/wii/libbte.a(l2cap.o)
                0x8003de20                l2cap_close
 .text.l2cap_reset_all
                0x8003dfd4      0x134 /opt/devkitpro/libogc/lib/wii/libbte.a(l2cap.o)
                0x8003dfd4                l2cap_reset_all
 .text.l2cap_signal
                0x8003e108      0x204 /opt/devkitpro/libogc/lib/wii/libbte.a(l2cap.o)
                0x8003e108                l2cap_signal
 .text.l2ca_connect_req
                0x8003e30c      0x1b8 /opt/devkitpro/libogc/lib/wii/libbte.a(l2cap.o)
                0x8003e30c                l2ca_connect_req
 .text.l2ca_config_req
                0x8003e4c4      0x128 /opt/devkitpro/libogc/lib/wii/libbte.a(l2cap.o)
                0x8003e4c4                l2ca_config_req
 .text.l2ca_disconnect_req
                0x8003e5ec       0xbc /opt/devkitpro/libogc/lib/wii/libbte.a(l2cap.o)
                0x8003e5ec                l2ca_disconnect_req
 .text.l2cap_tmr
                0x8003e6a8      0x260 /opt/devkitpro/libogc/lib/wii/libbte.a(l2cap.o)
                0x8003e6a8                l2cap_tmr
 .text.l2cap_process_sig
                0x8003e908     0x11bc /opt/devkitpro/libogc/lib/wii/libbte.a(l2cap.o)
                0x8003e908                l2cap_process_sig
 .text.l2cap_input
                0x8003fac4      0x5bc /opt/devkitpro/libogc/lib/wii/libbte.a(l2cap.o)
                0x8003fac4                l2cap_input
 .text.l2ca_datawrite
                0x80040080      0x108 /opt/devkitpro/libogc/lib/wii/libbte.a(l2cap.o)
                0x80040080                l2ca_datawrite
 .text.lp_connect_cfm
                0x80040188      0x160 /opt/devkitpro/libogc/lib/wii/libbte.a(l2cap.o)
                0x80040188                lp_connect_cfm
 .text.lp_connect_ind
                0x800402e8        0x4 /opt/devkitpro/libogc/lib/wii/libbte.a(l2cap.o)
                0x800402e8                lp_connect_ind
 .text.lp_disconnect_ind
                0x800402ec      0x1b0 /opt/devkitpro/libogc/lib/wii/libbte.a(l2cap.o)
                0x800402ec                lp_disconnect_ind
 .text.l2cap_disconnect_bb
                0x8004049c       0x10 /opt/devkitpro/libogc/lib/wii/libbte.a(l2cap.o)
                0x8004049c                l2cap_disconnect_bb
 .text.l2cap_arg
                0x800404ac        0x8 /opt/devkitpro/libogc/lib/wii/libbte.a(l2cap.o)
                0x800404ac                l2cap_arg
 .text.l2cap_connect_ind
                0x800404b4       0xec /opt/devkitpro/libogc/lib/wii/libbte.a(l2cap.o)
                0x800404b4                l2cap_connect_ind
 .text.l2cap_disconnect_ind
                0x800405a0        0x8 /opt/devkitpro/libogc/lib/wii/libbte.a(l2cap.o)
                0x800405a0                l2cap_disconnect_ind
 .text.l2cap_recv
                0x800405a8        0x8 /opt/devkitpro/libogc/lib/wii/libbte.a(l2cap.o)
                0x800405a8                l2cap_recv
 .text.btmemb_init
                0x800405b0       0x24 /opt/devkitpro/libogc/lib/wii/libbte.a(btmemb.o)
                0x800405b0                btmemb_init
 .text.btmemb_alloc
                0x800405d4       0x88 /opt/devkitpro/libogc/lib/wii/libbte.a(btmemb.o)
                0x800405d4                btmemb_alloc
 .text.btmemb_free
                0x8004065c       0xcc /opt/devkitpro/libogc/lib/wii/libbte.a(btmemb.o)
                0x8004065c                btmemb_free
 .text.plug_holes
                0x80040728       0xac /opt/devkitpro/libogc/lib/wii/libbte.a(btmemr.o)
 .text.btmemr_init
                0x800407d4       0x90 /opt/devkitpro/libogc/lib/wii/libbte.a(btmemr.o)
                0x800407d4                btmemr_init
 .text.btmemr_malloc
                0x80040864      0x164 /opt/devkitpro/libogc/lib/wii/libbte.a(btmemr.o)
                0x80040864                btmemr_malloc
 .text.btmemr_free
                0x800409c8       0x90 /opt/devkitpro/libogc/lib/wii/libbte.a(btmemr.o)
                0x800409c8                btmemr_free
 .text.btmemr_realloc
                0x80040a58      0x10c /opt/devkitpro/libogc/lib/wii/libbte.a(btmemr.o)
                0x80040a58                btmemr_realloc
 .text.btpbuf_init
                0x80040b64       0x28 /opt/devkitpro/libogc/lib/wii/libbte.a(btpbuf.o)
                0x80040b64                btpbuf_init
 .text.btpbuf_free
                0x80040b8c       0xfc /opt/devkitpro/libogc/lib/wii/libbte.a(btpbuf.o)
                0x80040b8c                btpbuf_free
 .text.btpbuf_alloc
                0x80040c88      0x268 /opt/devkitpro/libogc/lib/wii/libbte.a(btpbuf.o)
                0x80040c88                btpbuf_alloc
 .text.btpbuf_realloc
                0x80040ef0      0x120 /opt/devkitpro/libogc/lib/wii/libbte.a(btpbuf.o)
                0x80040ef0                btpbuf_realloc
 .text.btpbuf_header
                0x80041010       0x80 /opt/devkitpro/libogc/lib/wii/libbte.a(btpbuf.o)
                0x80041010                btpbuf_header
 .text.btpbuf_ref
                0x80041090       0x34 /opt/devkitpro/libogc/lib/wii/libbte.a(btpbuf.o)
                0x80041090                btpbuf_ref
 .text.btpbuf_chain
                0x800410c4       0x88 /opt/devkitpro/libogc/lib/wii/libbte.a(btpbuf.o)
                0x800410c4                btpbuf_chain
 .text.btpbuf_dechain
                0x8004114c       0x6c /opt/devkitpro/libogc/lib/wii/libbte.a(btpbuf.o)
                0x8004114c                btpbuf_dechain
 .text.btpbuf_take
                0x800411b8      0x13c /opt/devkitpro/libogc/lib/wii/libbte.a(btpbuf.o)
                0x800411b8                btpbuf_take
 .text.__writebulkmsgCB
                0x800412f4       0x3c /opt/devkitpro/libogc/lib/wii/libbte.a(physbusif.o)
 .text.__writectrlmsgCB
                0x80041330       0x3c /opt/devkitpro/libogc/lib/wii/libbte.a(physbusif.o)
 .text.__issue_intrread.part.0
                0x8004136c       0x80 /opt/devkitpro/libogc/lib/wii/libbte.a(physbusif.o)
 .text.__readintrdataCB
                0x800413ec      0x134 /opt/devkitpro/libogc/lib/wii/libbte.a(physbusif.o)
 .text.__issue_bulkread.part.0
                0x80041520       0x80 /opt/devkitpro/libogc/lib/wii/libbte.a(physbusif.o)
 .text.__readbulkdataCB
                0x800415a0      0x134 /opt/devkitpro/libogc/lib/wii/libbte.a(physbusif.o)
 .text.physbusif_init
                0x800416d4      0x1ec /opt/devkitpro/libogc/lib/wii/libbte.a(physbusif.o)
                0x800416d4                physbusif_init
 .text.physbusif_close
                0x800418c0       0x20 /opt/devkitpro/libogc/lib/wii/libbte.a(physbusif.o)
                0x800418c0                physbusif_close
 .text.physbusif_shutdown
                0x800418e0       0x18 /opt/devkitpro/libogc/lib/wii/libbte.a(physbusif.o)
                0x800418e0                physbusif_shutdown
 .text.physbusif_reset_all
                0x800418f8        0x4 /opt/devkitpro/libogc/lib/wii/libbte.a(physbusif.o)
                0x800418f8                physbusif_reset_all
 .text.physbusif_output
                0x800418fc      0x1f4 /opt/devkitpro/libogc/lib/wii/libbte.a(physbusif.o)
                0x800418fc                physbusif_output
 .text.KEYBOARD_GetEvent
                0x80041af0       0x74 /opt/devkitpro/libogc/lib/wii/libwiikeyboard.a(keyboard.o)
                0x80041af0                KEYBOARD_GetEvent
 .text.DEBUGPrint
                0x80041b64        0x4 /opt/devkitpro/libogc/lib/wii/libogc.a(common_crt0.o)
                0x80041b64                DEBUGPrint
 .text.__eabi   0x80041b68        0x4 /opt/devkitpro/libogc/lib/wii/libogc.a(common_crt0.o)
                0x80041b68                __eabi
 .text.PPCEarlyInit
                0x80041b6c       0x24 /opt/devkitpro/libogc/lib/wii/libogc.a(early_init.o)
                0x80041b6c                PPCEarlyInit
 .text.PPCEarlyInitImpl
                0x80041b90      0x1a4 /opt/devkitpro/libogc/lib/wii/libogc.a(early_init.o)
 .text.PPCDCacheFlushAsync
                0x80041d34       0x28 /opt/devkitpro/libogc/lib/wii/libogc.a(cache.o)
                0x80041d34                PPCDCacheFlushAsync
 .text.PPCDCacheStoreAsync
                0x80041d5c       0x28 /opt/devkitpro/libogc/lib/wii/libogc.a(cache.o)
                0x80041d5c                PPCDCacheStoreAsync
 .text.PPCDCacheZero
                0x80041d84       0x28 /opt/devkitpro/libogc/lib/wii/libogc.a(cache.o)
                0x80041d84                PPCDCacheZero
 .text.PPCDCacheInvalidate
                0x80041dac       0x28 /opt/devkitpro/libogc/lib/wii/libogc.a(cache.o)
                0x80041dac                PPCDCacheInvalidate
 .text.PPCICacheInvalidate
                0x80041dd4       0x28 /opt/devkitpro/libogc/lib/wii/libogc.a(cache.o)
                0x80041dd4                PPCICacheInvalidate
 .text.PPCExcptDefaultPanicFn
                0x80041dfc       0xac /opt/devkitpro/libogc/lib/wii/libogc.a(exception.o)
 .text.PPCExcptInit
                0x80041ea8      0x140 /opt/devkitpro/libogc/lib/wii/libogc.a(exception.o)
                0x80041ea8                PPCExcptInit
 .text.PPCExcptEntryGeneral
                0x80041fe8       0x60 /opt/devkitpro/libogc/lib/wii/libogc.a(exception_asm.o)
                0x80041fec                PPCExcptEntryGeneral
 .text.PPCExcptEntryFpu
                0x80042048       0x90 /opt/devkitpro/libogc/lib/wii/libogc.a(exception_asm.o)
                0x8004204c                PPCExcptEntryFpu
 .text.PPCExcptFpuHandler
                0x800420d8      0x260 /opt/devkitpro/libogc/lib/wii/libogc.a(exception_asm.o)
 .text.PPCExcptDefaultScHandler
                0x80042338       0x3c /opt/devkitpro/libogc/lib/wii/libogc.a(exception_asm.o)
                0x80042338                PPCExcptDefaultScHandler
 .text.PPCExcptDefaultHandler
                0x80042374      0x13c /opt/devkitpro/libogc/lib/wii/libogc.a(exception_asm.o)
                0x80042374                PPCExcptDefaultHandler
 .text.KIrqInit
                0x800424b0       0x94 /opt/devkitpro/libogc/lib/wii/libogc.a(interrupt.o)
                0x800424b0                KIrqInit
 .text.KIrqDispatch
                0x80042544      0x260 /opt/devkitpro/libogc/lib/wii/libogc.a(interrupt.o)
                0x80042544                KIrqDispatch
 .text.KIrqEnable
                0x800427a4      0x248 /opt/devkitpro/libogc/lib/wii/libogc.a(interrupt.o)
                0x800427a4                KIrqEnable
 .text.KIrqDisable
                0x800429ec      0x244 /opt/devkitpro/libogc/lib/wii/libogc.a(interrupt.o)
                0x800429ec                KIrqDisable
 .text.KIrqGet  0x80042c30       0x14 /opt/devkitpro/libogc/lib/wii/libogc.a(interrupt.o)
                0x80042c30                KIrqGet
 .text.KIrqSet  0x80042c44       0x3c /opt/devkitpro/libogc/lib/wii/libogc.a(interrupt.o)
                0x80042c44                KIrqSet
 .text.PPCExcptIrqHandler
                0x80042c80      0x144 /opt/devkitpro/libogc/lib/wii/libogc.a(interrupt_asm.o)
                0x80042c80                PPCExcptIrqHandler
 .text.__PPCContextPrepareToJump
                0x80042dc4       0x4c /opt/devkitpro/libogc/lib/wii/libogc.a(interrupt_asm.o)
                0x80042dc4                __PPCContextPrepareToJump
 .text.__PPCContextJump
                0x80042e10        0x8 /opt/devkitpro/libogc/lib/wii/libogc.a(interrupt_asm.o)
                0x80042e10                __PPCContextJump
 .text.KThreadIdleMain
                0x80042e18        0x4 /opt/devkitpro/libogc/lib/wii/libogc.a(thread.o)
 .text.__getreent
                0x80042e1c       0x24 /opt/devkitpro/libogc/lib/wii/libogc.a(thread.o)
                0x80042e1c                __getreent
 .text.KThreadInit
                0x80042e40      0x100 /opt/devkitpro/libogc/lib/wii/libogc.a(thread.o)
                0x80042e40                KThreadInit
 .text.KThreadPrepare
                0x80042f40      0x1e8 /opt/devkitpro/libogc/lib/wii/libogc.a(thread.o)
                0x80042f40                KThreadPrepare
 .text.KThreadSwitchTo
                0x80043128       0x88 /opt/devkitpro/libogc/lib/wii/libogc.a(thread.o)
                0x80043128                KThreadSwitchTo
 .text.KThreadResume
                0x800431b0       0xa8 /opt/devkitpro/libogc/lib/wii/libogc.a(thread.o)
                0x800431b0                KThreadResume
 .text.KThreadSuspend
                0x80043258       0xe0 /opt/devkitpro/libogc/lib/wii/libogc.a(thread.o)
                0x80043258                KThreadSuspend
 .text.KThrQueueBlock
                0x80043338      0x108 /opt/devkitpro/libogc/lib/wii/libogc.a(thread.o)
                0x80043338                KThrQueueBlock
 .text.KThreadJoin
                0x80043440       0x88 /opt/devkitpro/libogc/lib/wii/libogc.a(thread.o)
                0x80043440                KThreadJoin
 .text.KThreadSleepTicks
                0x800434c8       0x70 /opt/devkitpro/libogc/lib/wii/libogc.a(thread.o)
                0x800434c8                KThreadSleepTicks
 .text.KThrQueueUnblockOneByValue
                0x80043538       0xcc /opt/devkitpro/libogc/lib/wii/libogc.a(thread.o)
                0x80043538                KThrQueueUnblockOneByValue
 .text.KThrQueueUnblockAllByValue
                0x80043604      0x154 /opt/devkitpro/libogc/lib/wii/libogc.a(thread.o)
                0x80043604                KThrQueueUnblockAllByValue
 .text.KThreadSleepWakeup
                0x80043758       0x10 /opt/devkitpro/libogc/lib/wii/libogc.a(thread.o)
 .text.KThreadExit
                0x80043768       0xc4 /opt/devkitpro/libogc/lib/wii/libogc.a(thread.o)
                0x80043768                KThreadExit
 .text.KThrQueueCancel
                0x8004382c       0xb4 /opt/devkitpro/libogc/lib/wii/libogc.a(thread.o)
                0x8004382c                KThrQueueCancel
 .text.KCondVarTimeoutFn
                0x800438e0       0x10 /opt/devkitpro/libogc/lib/wii/libogc.a(sync.o)
 .text.KThreadUpdateDynamicPrio
                0x800438f0      0x1f4 /opt/devkitpro/libogc/lib/wii/libogc.a(sync.o)
                0x800438f0                KThreadUpdateDynamicPrio
 .text.KThreadRemoveWaiter
                0x80043ae4      0x178 /opt/devkitpro/libogc/lib/wii/libogc.a(sync.o)
 .text.KMutexLock
                0x80043c5c      0x194 /opt/devkitpro/libogc/lib/wii/libogc.a(sync.o)
                0x80043c5c                KMutexLock
 .text.KMutexUnlock
                0x80043df0      0x104 /opt/devkitpro/libogc/lib/wii/libogc.a(sync.o)
                0x80043df0                KMutexUnlock
 .text.KCondVarSignal
                0x80043ef4       0x10 /opt/devkitpro/libogc/lib/wii/libogc.a(sync.o)
                0x80043ef4                KCondVarSignal
 .text.KCondVarWait
                0x80043f04       0x8c /opt/devkitpro/libogc/lib/wii/libogc.a(sync.o)
                0x80043f04                KCondVarWait
 .text.KCondVarWaitTimeoutTicks
                0x80043f90       0xf4 /opt/devkitpro/libogc/lib/wii/libogc.a(sync.o)
                0x80043f90                KCondVarWaitTimeoutTicks
 .text.KTickTaskReschedule
                0x80044084       0x6c /opt/devkitpro/libogc/lib/wii/libogc.a(tick.o)
 .text.KTickTaskRun
                0x800440f0      0x128 /opt/devkitpro/libogc/lib/wii/libogc.a(tick.o)
                0x800440f0                KTickTaskRun
 .text.KTickTaskStart
                0x80044218      0x168 /opt/devkitpro/libogc/lib/wii/libogc.a(tick.o)
                0x80044218                KTickTaskStart
 .text.KTickTaskStop
                0x80044380       0xc4 /opt/devkitpro/libogc/lib/wii/libogc.a(tick.o)
                0x80044380                KTickTaskStop
 .text.__syscall_lock_acquire
                0x80044444        0x4 /opt/devkitpro/libogc/lib/wii/libogc.a(newlib_syscalls.o)
                0x80044444                __syscall_lock_acquire
 .text.__syscall_lock_release
                0x80044448        0x4 /opt/devkitpro/libogc/lib/wii/libogc.a(newlib_syscalls.o)
                0x80044448                __syscall_lock_release
 .text.__syscall_lock_acquire_recursive
                0x8004444c       0x50 /opt/devkitpro/libogc/lib/wii/libogc.a(newlib_syscalls.o)
                0x8004444c                __syscall_lock_acquire_recursive
 .text.__syscall_lock_release_recursive
                0x8004449c       0x18 /opt/devkitpro/libogc/lib/wii/libogc.a(newlib_syscalls.o)
                0x8004449c                __syscall_lock_release_recursive
 .text.lwpc_alarm_cb