Archive member included to satisfy reference by file (symbol)

/opt/devkitpro/portlibs/wii/lib/libSDL.a(SDL.o)
                              /tmp/ccZr1nSB.o (SDL_Init)
/opt/devkitpro/portlibs/wii/lib/libSDL.a(SDL_error.o)
                              /opt/devkitpro/portlibs/wii/lib/libSDL.a(SDL.o) (SDL_SetError)
/opt/devkitpro/portlibs/wii/lib/libSDL.a(SDL_fatal.o)
                              /opt/devkitpro/portlibs/wii/lib/libSDL.a(SDL.o) (SDL_InstallParachute)
/opt/devkitpro/portlibs/wii/lib/libSDL.a(SDL_audio.o)
                              /opt/devkitpro/portlibs/wii/lib/libSDL.a(SDL.o) (SDL_AudioQuit)
/opt/devkitpro/portlibs/wii/lib/libSDL.a(SDL_audiocvt.o)
                              /opt/devkitpro/portlibs/wii/lib/libSDL.a(SDL_audio.o) (SDL_ConvertAudio)
/opt/devkitpro/portlibs/wii/lib/libSDL.a(SDL_events.o)
                              /tmp/ccZr1nSB.o (SDL_PollEvent)
/opt/devkitpro/portlibs/wii/lib/libSDL.a(SDL_keyboard.o)
                              /opt/devkitpro/portlibs/wii/lib/libSDL.a(SDL_events.o) (SDL_KeyboardInit)
/opt/devkitpro/portlibs/wii/lib/libSDL.a(SDL_mouse.o)
                              /opt/devkitpro/portlibs/wii/lib/libSDL.a(SDL_events.o) (SDL_MouseInit)
/opt/devkitpro/portlibs/wii/lib/libSDL.a(SDL_quit.o)
                              /opt/devkitpro/portlibs/wii/lib/libSDL.a(SDL_events.o) (SDL_QuitInit)
/opt/devkitpro/portlibs/wii/lib/libSDL.a(SDL_thread.o)
                              /opt/devkitpro/portlibs/wii/lib/libSDL.a(SDL_error.o) (SDL_GetErrBuf)
/opt/devkitpro/portlibs/wii/lib/libSDL.a(SDL_timer.o)
                              /opt/devkitpro/portlibs/wii/lib/libSDL.a(SDL_events.o) (SDL_timer_running)
/opt/devkitpro/portlibs/wii/lib/libSDL.a(SDL_cursor.o)
                              /opt/devkitpro/portlibs/wii/lib/libSDL.a(SDL_mouse.o) (SDL_MoveCursor)
/opt/devkitpro/portlibs/wii/lib/libSDL.a(SDL_pixels.o)
                              /tmp/ccZr1nSB.o (SDL_MapRGB)
/opt/devkitpro/portlibs/wii/lib/libSDL.a(SDL_surface.o)
                              /opt/devkitpro/portlibs/wii/lib/libSDL.a(SDL_cursor.o) (SDL_LockSurface)
/opt/devkitpro/portlibs/wii/lib/libSDL.a(SDL_video.o)
                              /opt/devkitpro/portlibs/wii/lib/libSDL.a(SDL_events.o) (current_video)
/opt/devkitpro/portlibs/wii/lib/libSDL.a(SDL_joystick.o)
                              /opt/devkitpro/portlibs/wii/lib/libSDL.a(SDL.o) (SDL_JoystickInit)
/opt/devkitpro/portlibs/wii/lib/libSDL.a(SDL_systimer.o)
                              /opt/devkitpro/portlibs/wii/lib/libSDL.a(SDL.o) (SDL_StartTicks)
/opt/devkitpro/portlibs/wii/lib/libSDL.a(SDL_ogcAudio.o)
                              /opt/devkitpro/portlibs/wii/lib/libSDL.a(SDL_audio.o) (OGCAUD_bootstrap)
/opt/devkitpro/portlibs/wii/lib/libSDL.a(SDL_sysjoystick.o)
                              /opt/devkitpro/portlibs/wii/lib/libSDL.a(SDL_joystick.o) (SDL_SYS_JoystickInit)
/opt/devkitpro/portlibs/wii/lib/libSDL.a(SDL_sysmutex.o)
                              /opt/devkitpro/portlibs/wii/lib/libSDL.a(SDL_audio.o) (SDL_CreateMutex)
/opt/devkitpro/portlibs/wii/lib/libSDL.a(SDL_syssem.o)
                              /opt/devkitpro/portlibs/wii/lib/libSDL.a(SDL_thread.o) (SDL_CreateSemaphore)
/opt/devkitpro/portlibs/wii/lib/libSDL.a(SDL_systhread.o)
                              /opt/devkitpro/portlibs/wii/lib/libSDL.a(SDL_thread.o) (SDL_SYS_CreateThread)
/opt/devkitpro/portlibs/wii/lib/libSDL.a(SDL_ogc_video.o)
                              /opt/devkitpro/portlibs/wii/lib/libSDL.a(SDL_video.o) (OGC_bootstrap)
/opt/devkitpro/portlibs/wii/lib/libSDL.a(SDL_active.o)
                              /opt/devkitpro/portlibs/wii/lib/libSDL.a(SDL_events.o) (SDL_AppActiveInit)
/opt/devkitpro/portlibs/wii/lib/libSDL.a(SDL_resize.o)
                              /opt/devkitpro/portlibs/wii/lib/libSDL.a(SDL_video.o) (SDL_PrivateResize)
/opt/devkitpro/portlibs/wii/lib/libSDL.a(SDL_string.o)
                              /opt/devkitpro/portlibs/wii/lib/libSDL.a(SDL_pixels.o) (SDL_memcmp)
/opt/devkitpro/portlibs/wii/lib/libSDL.a(SDL_RLEaccel.o)
                              /opt/devkitpro/portlibs/wii/lib/libSDL.a(SDL_pixels.o) (SDL_UnRLESurface)
/opt/devkitpro/portlibs/wii/lib/libSDL.a(SDL_blit.o)
                              /opt/devkitpro/portlibs/wii/lib/libSDL.a(SDL_pixels.o) (SDL_CalculateBlit)
/opt/devkitpro/portlibs/wii/lib/libSDL.a(SDL_blit_0.o)
                              /opt/devkitpro/portlibs/wii/lib/libSDL.a(SDL_blit.o) (SDL_CalculateBlit0)
/opt/devkitpro/portlibs/wii/lib/libSDL.a(SDL_blit_1.o)
                              /opt/devkitpro/portlibs/wii/lib/libSDL.a(SDL_blit.o) (SDL_CalculateBlit1)
/opt/devkitpro/portlibs/wii/lib/libSDL.a(SDL_blit_N.o)
                              /opt/devkitpro/portlibs/wii/lib/libSDL.a(SDL_blit.o) (SDL_CalculateBlitN)
/opt/devkitpro/portlibs/wii/lib/libSDL.a(SDL_syscond.o)
                              /opt/devkitpro/portlibs/wii/lib/libSDL.a(SDL_syssem.o) (SDL_CreateCond)
/opt/devkitpro/portlibs/wii/lib/libSDL.a(SDL_wiievents.o)
                              /opt/devkitpro/portlibs/wii/lib/libSDL.a(SDL_ogc_video.o) (WII_PumpEvents)
/opt/devkitpro/portlibs/wii/lib/libSDL.a(SDL_cpuinfo.o)
                              /opt/devkitpro/portlibs/wii/lib/libSDL.a(SDL_blit_N.o) (SDL_HasMMX)
/opt/devkitpro/portlibs/wii/lib/libSDL.a(SDL_blit_A.o)
                              /opt/devkitpro/portlibs/wii/lib/libSDL.a(SDL_blit_N.o) (SDL_CalculateAlphaBlit)
/opt/devkitpro/libogc/lib/wii/libwiikeyboard.a(keyboard.o)
                              /opt/devkitpro/portlibs/wii/lib/libSDL.a(SDL_wiievents.o) (KEYBOARD_GetEvent)
/opt/devkitpro/libogc/lib/wii/libwiikeyboard.a(ukbdmap.o)
                              /opt/devkitpro/libogc/lib/wii/libwiikeyboard.a(keyboard.o) (ukbd_keydesctab)
/opt/devkitpro/libogc/lib/wii/libwiikeyboard.a(wskbdutil.o)
                              /opt/devkitpro/libogc/lib/wii/libwiikeyboard.a(keyboard.o) (wskbd_compose_value)
/opt/devkitpro/libogc/lib/wii/libwiikeyboard.a(usbkeyboard.o)
                              /opt/devkitpro/libogc/lib/wii/libwiikeyboard.a(keyboard.o) (USBKeyboard_Initialize)
/opt/devkitpro/libogc/lib/wii/libwiiuse.a(wpad.o)
                              /tmp/ccZr1nSB.o (WPAD_Search)
/opt/devkitpro/libogc/lib/wii/libwiiuse.a(motion_plus.o)
                              /opt/devkitpro/libogc/lib/wii/libwiiuse.a(wpad.o) (wiiuse_set_motion_plus)
/opt/devkitpro/libogc/lib/wii/libwiiuse.a(dynamics.o)
                              /opt/devkitpro/libogc/lib/wii/libwiiuse.a(wpad.o) (calculate_gforce)
/opt/devkitpro/libogc/lib/wii/libwiiuse.a(io.o)
                              /opt/devkitpro/libogc/lib/wii/libwiiuse.a(motion_plus.o) (wiiuse_disable_expansion)
/opt/devkitpro/libogc/lib/wii/libwiiuse.a(io_wii.o)
                              /opt/devkitpro/libogc/lib/wii/libwiiuse.a(wpad.o) (__wiiuse_sensorbar_enable)
/opt/devkitpro/libogc/lib/wii/libwiiuse.a(ir.o)
                              /opt/devkitpro/libogc/lib/wii/libwiiuse.a(motion_plus.o) (wiiuse_set_ir_mode)
/opt/devkitpro/libogc/lib/wii/libwiiuse.a(nunchuk.o)
                              /opt/devkitpro/libogc/lib/wii/libwiiuse.a(io.o) (nunchuk_handshake)
/opt/devkitpro/libogc/lib/wii/libwiiuse.a(wiiboard.o)
                              /opt/devkitpro/libogc/lib/wii/libwiiuse.a(io.o) (wii_board_handshake)
/opt/devkitpro/libogc/lib/wii/libwiiuse.a(wiiuse.o)
                              /opt/devkitpro/libogc/lib/wii/libwiiuse.a(wpad.o) (wiiuse_init)
/opt/devkitpro/libogc/lib/wii/libwiiuse.a(speaker.o)
                              /opt/devkitpro/libogc/lib/wii/libwiiuse.a(wpad.o) (wencdata)
/opt/devkitpro/libogc/lib/wii/libwiiuse.a(classic.o)
                              /opt/devkitpro/libogc/lib/wii/libwiiuse.a(io.o) (classic_ctrl_handshake)
/opt/devkitpro/libogc/lib/wii/libwiiuse.a(events.o)
                              /opt/devkitpro/libogc/lib/wii/libwiiuse.a(io_wii.o) (parse_event)
/opt/devkitpro/libogc/lib/wii/libwiiuse.a(guitar_hero_3.o)
                              /opt/devkitpro/libogc/lib/wii/libwiiuse.a(io.o) (guitar_hero_3_handshake)
/opt/devkitpro/libogc/lib/wii/libbte.a(bte.o)
                              /opt/devkitpro/libogc/lib/wii/libwiiuse.a(wpad.o) (BTE_Init)
/opt/devkitpro/libogc/lib/wii/libbte.a(hci.o)
                              /opt/devkitpro/libogc/lib/wii/libbte.a(bte.o) (hci_init)
/opt/devkitpro/libogc/lib/wii/libbte.a(l2cap.o)
                              /opt/devkitpro/libogc/lib/wii/libbte.a(bte.o) (l2cap_init)
/opt/devkitpro/libogc/lib/wii/libbte.a(btmemb.o)
                              /opt/devkitpro/libogc/lib/wii/libbte.a(bte.o) (btmemb_init)
/opt/devkitpro/libogc/lib/wii/libbte.a(btmemr.o)
                              /opt/devkitpro/libogc/lib/wii/libbte.a(hci.o) (btmemr_init)
/opt/devkitpro/libogc/lib/wii/libbte.a(btpbuf.o)
                              /opt/devkitpro/libogc/lib/wii/libbte.a(hci.o) (btpbuf_init)
/opt/devkitpro/libogc/lib/wii/libbte.a(physbusif.o)
                              /opt/devkitpro/libogc/lib/wii/libbte.a(bte.o) (physbusif_init)
/opt/devkitpro/libogc/lib/wii/libaesnd.a(aesndlib.o)
                              /opt/devkitpro/portlibs/wii/lib/libSDL.a(SDL_ogcAudio.o) (AESND_Init)
/opt/devkitpro/libogc/lib/wii/libaesnd.a(aesnd_dsp_mixer_bin.o)
                              /opt/devkitpro/libogc/lib/wii/libaesnd.a(aesndlib.o) (aesnd_dsp_mixer_bin)
/opt/devkitpro/libogc/lib/wii/libogc.a(common_crt0.o)
                              /tmp/ccZr1nSB.o (__eabi)
/opt/devkitpro/libogc/lib/wii/libogc.a(early_init.o)
                              /opt/devkitpro/libogc/lib/wii/libogc.a(common_crt0.o) (PPCEarlyInit)
/opt/devkitpro/libogc/lib/wii/libogc.a(default_stacks.o)
                              /opt/devkitpro/libogc/lib/wii/libogc.a(common_crt0.o) (__ppc_main_sp)
/opt/devkitpro/libogc/lib/wii/libogc.a(cache.o)
                              /opt/devkitpro/portlibs/wii/lib/libSDL.a(SDL_ogc_video.o) (PPCDCacheFlushAsync)
/opt/devkitpro/libogc/lib/wii/libogc.a(exception.o)
                              /opt/devkitpro/libogc/lib/wii/libogc.a(common_crt0.o) (PPCExcptInit)
/opt/devkitpro/libogc/lib/wii/libogc.a(exception_asm.o)
                              /opt/devkitpro/libogc/lib/wii/libogc.a(exception.o) (PPCExcptEntryGeneral)
/opt/devkitpro/libogc/lib/wii/libogc.a(interrupt.o)
                              /opt/devkitpro/libogc/lib/wii/libogc.a(common_crt0.o) (KIrqInit)
/opt/devkitpro/libogc/lib/wii/libogc.a(interrupt_asm.o)
                              /opt/devkitpro/libogc/lib/wii/libogc.a(interrupt.o) (PPCExcptIrqHandler)
/opt/devkitpro/libogc/lib/wii/libogc.a(thread.o)
                              /tmp/ccZr1nSB.o (__getreent)
/opt/devkitpro/libogc/lib/wii/libogc.a(sync.o)
                              /opt/devkitpro/libogc/lib/wii/libogc.a(thread.o) (KThreadUpdateDynamicPrio)
/opt/devkitpro/libogc/lib/wii/libogc.a(tick.o)
                              /opt/devkitpro/libogc/lib/wii/libogc.a(interrupt.o) (KTickTaskRun)
/opt/devkitpro/libogc/lib/wii/libogc.a(newlib_syscalls.o)
                              /opt/devkitpro/libogc/lib/wii/libogc.a(common_crt0.o) (__newlib_syscalls)
/opt/devkitpro/libogc/lib/wii/libogc.a(lwpc_alarm.o)
                              /opt/devkitpro/libogc/lib/wii/libwiiuse.a(wpad.o) (SYS_CreateAlarm)
/opt/devkitpro/libogc/lib/wii/libogc.a(lwpc_queue.o)
                              /opt/devkitpro/libogc/lib/wii/libbte.a(bte.o) (LWP_InitQueue)
/opt/devkitpro/libogc/lib/wii/libogc.a(lwpc_thread.o)
                              /opt/devkitpro/portlibs/wii/lib/libSDL.a(SDL_ogcAudio.o) (LWP_CreateThread)
/opt/devkitpro/libogc/lib/wii/libogc.a(lwpc_sync.o)
                              /opt/devkitpro/portlibs/wii/lib/libSDL.a(SDL_sysmutex.o) (LWP_MutexInit)
/opt/devkitpro/libogc/lib/wii/libogc.a(lwpc_sem.o)
                              /opt/devkitpro/libogc/lib/wii/libwiiuse.a(wpad.o) (LWP_SemInit)
/opt/devkitpro/libogc/lib/wii/libogc.a(lwp_queue.o)
                              /opt/devkitpro/libogc/lib/wii/libwiiuse.a(io_wii.o) (__lwp_queue_initialize)
/opt/devkitpro/libogc/lib/wii/libogc.a(lwp_wkspace.o)
                              /opt/devkitpro/libogc/lib/wii/libwiiuse.a(motion_plus.o) (__wkspace_heap)
/opt/devkitpro/libogc/lib/wii/libogc.a(lwp_heap.o)
                              /opt/devkitpro/libogc/lib/wii/libogc.a(lwp_wkspace.o) (__lwp_heap_init)
/opt/devkitpro/libogc/lib/wii/libogc.a(video.o)
                              /opt/devkitpro/portlibs/wii/lib/libSDL.a(SDL_ogc_video.o) (VIDEO_Configure)
/opt/devkitpro/libogc/lib/wii/libogc.a(pad.o)
                              /opt/devkitpro/portlibs/wii/lib/libSDL.a(SDL_sysjoystick.o) (PAD_ScanPads)
/opt/devkitpro/libogc/lib/wii/libogc.a(system.o)
                              /opt/devkitpro/libogc/lib/wii/libwiiuse.a(wpad.o) (SYS_DoPowerCB)
/opt/devkitpro/libogc/lib/wii/libogc.a(gx.o)
                              /opt/devkitpro/portlibs/wii/lib/libSDL.a(SDL_ogc_video.o) (GX_SetCurrentGXThread)
/opt/devkitpro/libogc/lib/wii/libogc.a(gu.o)
                              /opt/devkitpro/portlibs/wii/lib/libSDL.a(SDL_ogc_video.o) (guOrtho)
/opt/devkitpro/libogc/lib/wii/libogc.a(gu_psasm.o)
                              /opt/devkitpro/portlibs/wii/lib/libSDL.a(SDL_ogc_video.o) (ps_guMtxConcat)
/opt/devkitpro/libogc/lib/wii/libogc.a(audio.o)
                              /opt/devkitpro/libogc/lib/wii/libaesnd.a(aesndlib.o) (AUDIO_Init)
/opt/devkitpro/libogc/lib/wii/libogc.a(dsp.o)
                              /opt/devkitpro/libogc/lib/wii/libaesnd.a(aesndlib.o) (DSP_Init)
/opt/devkitpro/libogc/lib/wii/libogc.a(si.o)
                              /opt/devkitpro/libogc/lib/wii/libogc.a(pad.o) (SI_Busy)
/opt/devkitpro/libogc/lib/wii/libogc.a(ipc.o)
                              /opt/devkitpro/libogc/lib/wii/libwiikeyboard.a(usbkeyboard.o) (iosCreateHeap)
/opt/devkitpro/libogc/lib/wii/libogc.a(timesupp.o)
                              /opt/devkitpro/libogc/lib/wii/libogc.a(system.o) (settime)
/opt/devkitpro/libogc/lib/wii/libogc.a(usbmouse.o)
                              /opt/devkitpro/portlibs/wii/lib/libSDL.a(SDL_wiievents.o) (MOUSE_GetEvent)
/opt/devkitpro/libogc/lib/wii/libogc.a(sbrk.o)
                              /opt/devkitpro/libogc/lib/wii/libogc.a(system.o) (_sbrk_r)
/opt/devkitpro/libogc/lib/wii/libogc.a(stm.o)
                              /opt/devkitpro/libogc/lib/wii/libogc.a(system.o) (STM_RegisterEventHandler)
/opt/devkitpro/libogc/lib/wii/libogc.a(ios.o)
                              /opt/devkitpro/libogc/lib/wii/libogc.a(system.o) (__IOS_InitializeSubsystems)
/opt/devkitpro/libogc/lib/wii/libogc.a(es.o)
                              /opt/devkitpro/libogc/lib/wii/libogc.a(ios.o) (__ES_Init)
/opt/devkitpro/libogc/lib/wii/libogc.a(isfs.o)
                              /opt/devkitpro/libogc/lib/wii/libogc.a(es.o) (ISFS_Initialize)
/opt/devkitpro/libogc/lib/wii/libogc.a(usb.o)
                              /opt/devkitpro/libogc/lib/wii/libwiikeyboard.a(keyboard.o) (USB_Initialize)
/opt/devkitpro/libogc/lib/wii/libogc.a(argv.o)
                              /opt/devkitpro/libogc/lib/wii/libogc.a(common_crt0.o) (__CheckARGV)
/opt/devkitpro/libogc/lib/wii/libogc.a(conf.o)
                              /opt/devkitpro/libogc/lib/wii/libogc.a(system.o) (CONF_Init)
/opt/devkitpro/libogc/lib/wii/libogc.a(wiilaunch.o)
                              /opt/devkitpro/libogc/lib/wii/libogc.a(system.o) (WII_Initialize)
/opt/devkitpro/libogc/lib/wii/libogc.a(default_panic.o)
                              /opt/devkitpro/libogc/lib/wii/libogc.a(system.o) (__libogc_panic)
/opt/devkitpro/libogc/lib/wii/libogc.a(console.o)
                              /opt/devkitpro/libogc/lib/wii/libogc.a(default_panic.o) (__console_init)
/opt/devkitpro/libogc/lib/wii/libogc.a(exi.o)
                              /opt/devkitpro/libogc/lib/wii/libogc.a(system.o) (EXI_Lock)
/opt/devkitpro/libogc/lib/wii/libogc.a(cache_asm.o)
                              /opt/devkitpro/libogc/lib/wii/libogc.a(system.o) (LCDisable)
/opt/devkitpro/libogc/lib/wii/libogc.a(console_font_8x16.o)
                              /opt/devkitpro/libogc/lib/wii/libogc.a(console.o) (console_font_8x16)
/opt/devkitpro/libogc/lib/wii/libogc.a(usbgecko.o)
                              /opt/devkitpro/libogc/lib/wii/libogc.a(console.o) (usb_isgeckoalive)
/opt/devkitpro/libogc/lib/wii/libogc.a(kprintf.o)
                              /opt/devkitpro/libogc/lib/wii/libogc.a(default_panic.o) (kprintf)
/opt/devkitpro/libogc/lib/wii/libogc.a(network_wii.o)
                              /opt/devkitpro/libogc/lib/wii/libogc.a(wiilaunch.o) (net_wc24cleanup)
/opt/devkitpro/libogc/lib/wii/libogc.a(soc_init.o)
                              /opt/devkitpro/libogc/lib/wii/libogc.a(network_wii.o) (socInit)
/opt/devkitpro/libogc/lib/wii/libogc.a(soc_util.o)
                              /opt/devkitpro/libogc/lib/wii/libogc.a(network_wii.o) (inet_ntoa)
/opt/devkitpro/libogc/lib/wii/libogc.a(soc_common.o)
                              /opt/devkitpro/libogc/lib/wii/libogc.a(network_wii.o) (_net_convert_error)
/opt/devkitpro/devkitPPC/lib/gcc/powerpc-eabi/16.1.0/../../../../powerpc-eabi/lib/libm.a(libm_a-sf_atan.o)
                              /opt/devkitpro/libogc/lib/wii/libwiiuse.a(ir.o) (atanf)
/opt/devkitpro/devkitPPC/lib/gcc/powerpc-eabi/16.1.0/../../../../powerpc-eabi/lib/libm.a(libm_a-w_atan2.o)
                              /opt/devkitpro/libogc/lib/wii/libwiiuse.a(ir.o) (atan2)
/opt/devkitpro/devkitPPC/lib/gcc/powerpc-eabi/16.1.0/../../../../powerpc-eabi/lib/libm.a(libm_a-sf_fabs.o)
                              /opt/devkitpro/devkitPPC/lib/gcc/powerpc-eabi/16.1.0/../../../../powerpc-eabi/lib/libm.a(libm_a-sf_atan.o) (fabsf)
/opt/devkitpro/devkitPPC/lib/gcc/powerpc-eabi/16.1.0/../../../../powerpc-eabi/lib/libm.a(libm_a-sf_cos.o)
                              /opt/devkitpro/libogc/lib/wii/libogc.a(gx.o) (cosf)
/opt/devkitpro/devkitPPC/lib/gcc/powerpc-eabi/16.1.0/../../../../powerpc-eabi/lib/libm.a(libm_a-wf_sqrt.o)
                              /opt/devkitpro/libogc/lib/wii/libwiiuse.a(ir.o) (sqrtf)
/opt/devkitpro/devkitPPC/lib/gcc/powerpc-eabi/16.1.0/../../../../powerpc-eabi/lib/libm.a(libm_a-wf_hypot.o)
                              /opt/devkitpro/libogc/lib/wii/libwiiuse.a(dynamics.o) (hypotf)
/opt/devkitpro/devkitPPC/lib/gcc/powerpc-eabi/16.1.0/../../../../powerpc-eabi/lib/libm.a(libm_a-wf_atan2.o)
                              /opt/devkitpro/libogc/lib/wii/libwiiuse.a(dynamics.o) (atan2f)
/opt/devkitpro/devkitPPC/lib/gcc/powerpc-eabi/16.1.0/../../../../powerpc-eabi/lib/libm.a(libm_a-sf_tan.o)
                              /opt/devkitpro/libogc/lib/wii/libogc.a(gu.o) (tanf)
/opt/devkitpro/devkitPPC/lib/gcc/powerpc-eabi/16.1.0/../../../../powerpc-eabi/lib/libm.a(libm_a-ef_hypot.o)
                              /opt/devkitpro/devkitPPC/lib/gcc/powerpc-eabi/16.1.0/../../../../powerpc-eabi/lib/libm.a(libm_a-wf_hypot.o) (__ieee754_hypotf)
/opt/devkitpro/devkitPPC/lib/gcc/powerpc-eabi/16.1.0/../../../../powerpc-eabi/lib/libm.a(libm_a-kf_cos.o)
                              /opt/devkitpro/devkitPPC/lib/gcc/powerpc-eabi/16.1.0/../../../../powerpc-eabi/lib/libm.a(libm_a-sf_cos.o) (__kernel_cosf)
/opt/devkitpro/devkitPPC/lib/gcc/powerpc-eabi/16.1.0/../../../../powerpc-eabi/lib/libm.a(libm_a-w_sincos.o)
                              /opt/devkitpro/libogc/lib/wii/libwiiuse.a(ir.o) (sincos)
/opt/devkitpro/devkitPPC/lib/gcc/powerpc-eabi/16.1.0/../../../../powerpc-eabi/lib/libm.a(libm_a-e_atan2.o)
                              /opt/devkitpro/devkitPPC/lib/gcc/powerpc-eabi/16.1.0/../../../../powerpc-eabi/lib/libm.a(libm_a-w_atan2.o) (__ieee754_atan2)
/opt/devkitpro/devkitPPC/lib/gcc/powerpc-eabi/16.1.0/../../../../powerpc-eabi/lib/libm.a(libm_a-sf_finite.o)
                              /opt/devkitpro/devkitPPC/lib/gcc/powerpc-eabi/16.1.0/../../../../powerpc-eabi/lib/libm.a(libm_a-wf_hypot.o) (finitef)
/opt/devkitpro/devkitPPC/lib/gcc/powerpc-eabi/16.1.0/../../../../powerpc-eabi/lib/libm.a(libm_a-wf_sincos.o)
                              /opt/devkitpro/libogc/lib/wii/libwiiuse.a(ir.o) (sincosf)
/opt/devkitpro/devkitPPC/lib/gcc/powerpc-eabi/16.1.0/../../../../powerpc-eabi/lib/libm.a(libm_a-s_atan.o)
                              /opt/devkitpro/devkitPPC/lib/gcc/powerpc-eabi/16.1.0/../../../../powerpc-eabi/lib/libm.a(libm_a-e_atan2.o) (atan)
/opt/devkitpro/devkitPPC/lib/gcc/powerpc-eabi/16.1.0/../../../../powerpc-eabi/lib/libm.a(libm_a-ef_sqrt.o)
                              /opt/devkitpro/devkitPPC/lib/gcc/powerpc-eabi/16.1.0/../../../../powerpc-eabi/lib/libm.a(libm_a-wf_sqrt.o) (__ieee754_sqrtf)
/opt/devkitpro/devkitPPC/lib/gcc/powerpc-eabi/16.1.0/../../../../powerpc-eabi/lib/libm.a(libm_a-ef_atan2.o)
                              /opt/devkitpro/devkitPPC/lib/gcc/powerpc-eabi/16.1.0/../../../../powerpc-eabi/lib/libm.a(libm_a-wf_atan2.o) (__ieee754_atan2f)
/opt/devkitpro/devkitPPC/lib/gcc/powerpc-eabi/16.1.0/../../../../powerpc-eabi/lib/libm.a(libm_a-kf_sin.o)
                              /opt/devkitpro/devkitPPC/lib/gcc/powerpc-eabi/16.1.0/../../../../powerpc-eabi/lib/libm.a(libm_a-sf_cos.o) (__kernel_sinf)
/opt/devkitpro/devkitPPC/lib/gcc/powerpc-eabi/16.1.0/../../../../powerpc-eabi/lib/libm.a(libm_a-s_sin.o)
                              /opt/devkitpro/devkitPPC/lib/gcc/powerpc-eabi/16.1.0/../../../../powerpc-eabi/lib/libm.a(libm_a-w_sincos.o) (sin)
/opt/devkitpro/devkitPPC/lib/gcc/powerpc-eabi/16.1.0/../../../../powerpc-eabi/lib/libm.a(libm_a-s_fabs.o)
                              /opt/devkitpro/devkitPPC/lib/gcc/powerpc-eabi/16.1.0/../../../../powerpc-eabi/lib/libm.a(libm_a-e_atan2.o) (fabs)
/opt/devkitpro/devkitPPC/lib/gcc/powerpc-eabi/16.1.0/../../../../powerpc-eabi/lib/libm.a(libm_a-ef_rem_pio2.o)
                              /opt/devkitpro/devkitPPC/lib/gcc/powerpc-eabi/16.1.0/../../../../powerpc-eabi/lib/libm.a(libm_a-sf_cos.o) (__ieee754_rem_pio2f)
/opt/devkitpro/devkitPPC/lib/gcc/powerpc-eabi/16.1.0/../../../../powerpc-eabi/lib/libm.a(libm_a-kf_tan.o)
                              /opt/devkitpro/devkitPPC/lib/gcc/powerpc-eabi/16.1.0/../../../../powerpc-eabi/lib/libm.a(libm_a-sf_tan.o) (__kernel_tanf)
/opt/devkitpro/devkitPPC/lib/gcc/powerpc-eabi/16.1.0/../../../../powerpc-eabi/lib/libm.a(libm_a-kf_rem_pio2.o)
                              /opt/devkitpro/devkitPPC/lib/gcc/powerpc-eabi/16.1.0/../../../../powerpc-eabi/lib/libm.a(libm_a-ef_rem_pio2.o) (__kernel_rem_pio2f)
/opt/devkitpro/devkitPPC/lib/gcc/powerpc-eabi/16.1.0/../../../../powerpc-eabi/lib/libm.a(libm_a-e_rem_pio2.o)
                              /opt/devkitpro/devkitPPC/lib/gcc/powerpc-eabi/16.1.0/../../../../powerpc-eabi/lib/libm.a(libm_a-s_sin.o) (__ieee754_rem_pio2)
/opt/devkitpro/devkitPPC/lib/gcc/powerpc-eabi/16.1.0/../../../../powerpc-eabi/lib/libm.a(libm_a-sf_floor.o)
                              /opt/devkitpro/devkitPPC/lib/gcc/powerpc-eabi/16.1.0/../../../../powerpc-eabi/lib/libm.a(libm_a-kf_rem_pio2.o) (floorf)
/opt/devkitpro/devkitPPC/lib/gcc/powerpc-eabi/16.1.0/../../../../powerpc-eabi/lib/libm.a(libm_a-k_rem_pio2.o)
                              /opt/devkitpro/devkitPPC/lib/gcc/powerpc-eabi/16.1.0/../../../../powerpc-eabi/lib/libm.a(libm_a-e_rem_pio2.o) (__kernel_rem_pio2)
/opt/devkitpro/devkitPPC/lib/gcc/powerpc-eabi/16.1.0/../../../../powerpc-eabi/lib/libm.a(libm_a-s_scalbn.o)
                              /opt/devkitpro/devkitPPC/lib/gcc/powerpc-eabi/16.1.0/../../../../powerpc-eabi/lib/libm.a(libm_a-k_rem_pio2.o) (scalbn)
/opt/devkitpro/devkitPPC/lib/gcc/powerpc-eabi/16.1.0/../../../../powerpc-eabi/lib/libm.a(libm_a-sf_scalbn.o)
                              /opt/devkitpro/devkitPPC/lib/gcc/powerpc-eabi/16.1.0/../../../../powerpc-eabi/lib/libm.a(libm_a-kf_rem_pio2.o) (scalbnf)
/opt/devkitpro/devkitPPC/lib/gcc/powerpc-eabi/16.1.0/../../../../powerpc-eabi/lib/libm.a(libm_a-k_sin.o)
                              /opt/devkitpro/devkitPPC/lib/gcc/powerpc-eabi/16.1.0/../../../../powerpc-eabi/lib/libm.a(libm_a-s_sin.o) (__kernel_sin)
/opt/devkitpro/devkitPPC/lib/gcc/powerpc-eabi/16.1.0/../../../../powerpc-eabi/lib/libm.a(libm_a-s_cos.o)
                              /opt/devkitpro/devkitPPC/lib/gcc/powerpc-eabi/16.1.0/../../../../powerpc-eabi/lib/libm.a(libm_a-w_sincos.o) (cos)
/opt/devkitpro/devkitPPC/lib/gcc/powerpc-eabi/16.1.0/../../../../powerpc-eabi/lib/libm.a(libm_a-sf_sin.o)
                              /opt/devkitpro/devkitPPC/lib/gcc/powerpc-eabi/16.1.0/../../../../powerpc-eabi/lib/libm.a(libm_a-wf_sincos.o) (sinf)
/opt/devkitpro/devkitPPC/lib/gcc/powerpc-eabi/16.1.0/../../../../powerpc-eabi/lib/libm.a(libm_a-s_floor.o)
                              /opt/devkitpro/devkitPPC/lib/gcc/powerpc-eabi/16.1.0/../../../../powerpc-eabi/lib/libm.a(libm_a-k_rem_pio2.o) (floor)
/opt/devkitpro/devkitPPC/lib/gcc/powerpc-eabi/16.1.0/../../../../powerpc-eabi/lib/libm.a(libm_a-k_cos.o)
                              /opt/devkitpro/devkitPPC/lib/gcc/powerpc-eabi/16.1.0/../../../../powerpc-eabi/lib/libm.a(libm_a-s_sin.o) (__kernel_cos)
/opt/devkitpro/devkitPPC/lib/gcc/powerpc-eabi/16.1.0/libgcc.a(_floatundisf.o)
                              /opt/devkitpro/libogc/lib/wii/libaesnd.a(aesndlib.o) (__floatundisf)
/opt/devkitpro/devkitPPC/lib/gcc/powerpc-eabi/16.1.0/libgcc.a(_udivdi3.o)
                              /opt/devkitpro/portlibs/wii/lib/libSDL.a(SDL_systimer.o) (__udivdi3)
/opt/devkitpro/devkitPPC/lib/gcc/powerpc-eabi/16.1.0/libgcc.a(_umoddi3.o)
                              /opt/devkitpro/libogc/lib/wii/libogc.a(timesupp.o) (__umoddi3)
/opt/devkitpro/devkitPPC/lib/gcc/powerpc-eabi/16.1.0/../../../../powerpc-eabi/lib/libsysbase.a(libsysbase_libsysbase_a-build_argv.o)
                              /opt/devkitpro/libogc/lib/wii/libogc.a(argv.o) (build_argv)
/opt/devkitpro/devkitPPC/lib/gcc/powerpc-eabi/16.1.0/../../../../powerpc-eabi/lib/libsysbase.a(libsysbase_libsysbase_a-iosupport.o)
                              /opt/devkitpro/libogc/lib/wii/libogc.a(soc_init.o) (FindDevice)
/opt/devkitpro/devkitPPC/lib/gcc/powerpc-eabi/16.1.0/../../../../powerpc-eabi/lib/libsysbase.a(libsysbase_libsysbase_a-nanosleep.o)
                              /opt/devkitpro/portlibs/wii/lib/libSDL.a(SDL_systimer.o) (nanosleep)
/opt/devkitpro/devkitPPC/lib/gcc/powerpc-eabi/16.1.0/../../../../powerpc-eabi/lib/libsysbase.a(libsysbase_libsysbase_a-usleep.o)
                              /opt/devkitpro/portlibs/wii/lib/libSDL.a(SDL_wiievents.o) (usleep)
/opt/devkitpro/devkitPPC/lib/gcc/powerpc-eabi/16.1.0/../../../../powerpc-eabi/lib/libc.a(libc_a-sysfstat.o)
                              /opt/devkitpro/libogc/lib/wii/libwiikeyboard.a(keyboard.o) (fstat)
/opt/devkitpro/devkitPPC/lib/gcc/powerpc-eabi/16.1.0/../../../../powerpc-eabi/lib/libc.a(libc_a-getenv.o)
                              /opt/devkitpro/portlibs/wii/lib/libSDL.a(SDL.o) (getenv)
/opt/devkitpro/devkitPPC/lib/gcc/powerpc-eabi/16.1.0/../../../../powerpc-eabi/lib/libc.a(libc_a-strstr.o)
                              /opt/devkitpro/portlibs/wii/lib/libSDL.a(SDL_video.o) (strstr)
/opt/devkitpro/devkitPPC/lib/gcc/powerpc-eabi/16.1.0/../../../../powerpc-eabi/lib/libc.a(libc_a-memcpy.o)
                              /opt/devkitpro/portlibs/wii/lib/libSDL.a(SDL_audio.o) (memcpy)
/opt/devkitpro/devkitPPC/lib/gcc/powerpc-eabi/16.1.0/../../../../powerpc-eabi/lib/libc.a(libc_a-strlen.o)
                              /opt/devkitpro/libogc/lib/wii/libwiikeyboard.a(keyboard.o) (strlen)
/opt/devkitpro/devkitPPC/lib/gcc/powerpc-eabi/16.1.0/../../../../powerpc-eabi/lib/libc.a(libc_a-sysopen.o)
                              /opt/devkitpro/libogc/lib/wii/libwiikeyboard.a(keyboard.o) (open)
/opt/devkitpro/devkitPPC/lib/gcc/powerpc-eabi/16.1.0/../../../../powerpc-eabi/lib/libc.a(libc_a-atof.o)
                              /opt/devkitpro/portlibs/wii/lib/libSDL.a(SDL_video.o) (atof)
/opt/devkitpro/devkitPPC/lib/gcc/powerpc-eabi/16.1.0/../../../../powerpc-eabi/lib/libc.a(libc_a-strtod.o)
                              /opt/devkitpro/devkitPPC/lib/gcc/powerpc-eabi/16.1.0/../../../../powerpc-eabi/lib/libc.a(libc_a-atof.o) (strtod)
/opt/devkitpro/devkitPPC/lib/gcc/powerpc-eabi/16.1.0/../../../../powerpc-eabi/lib/libc.a(libc_a-sysclose.o)
                              /opt/devkitpro/libogc/lib/wii/libwiikeyboard.a(keyboard.o) (close)
/opt/devkitpro/devkitPPC/lib/gcc/powerpc-eabi/16.1.0/../../../../powerpc-eabi/lib/libc.a(libc_a-strlcpy.o)
                              /opt/devkitpro/portlibs/wii/lib/libSDL.a(SDL_error.o) (strlcpy)
/opt/devkitpro/devkitPPC/lib/gcc/powerpc-eabi/16.1.0/../../../../powerpc-eabi/lib/libc.a(libc_a-strcpy.o)
                              /opt/devkitpro/libogc/lib/wii/libwiikeyboard.a(keyboard.o) (strcpy)
/opt/devkitpro/devkitPPC/lib/gcc/powerpc-eabi/16.1.0/../../../../powerpc-eabi/lib/libc.a(libc_a-malign.o)
                              /opt/devkitpro/portlibs/wii/lib/libSDL.a(SDL_ogcAudio.o) (memalign)
/opt/devkitpro/devkitPPC/lib/gcc/powerpc-eabi/16.1.0/../../../../powerpc-eabi/lib/libc.a(libc_a-strtoull.o)
                              /opt/devkitpro/libogc/lib/wii/libogc.a(es.o) (_strtoull_r)
/opt/devkitpro/devkitPPC/lib/gcc/powerpc-eabi/16.1.0/../../../../powerpc-eabi/lib/libc.a(libc_a-strcasecmp.o)
                              /opt/devkitpro/portlibs/wii/lib/libSDL.a(SDL_audio.o) (strcasecmp)
/opt/devkitpro/devkitPPC/lib/gcc/powerpc-eabi/16.1.0/../../../../powerpc-eabi/lib/libc.a(libc_a-gdtoa-gethex.o)
                              /opt/devkitpro/devkitPPC/lib/gcc/powerpc-eabi/16.1.0/../../../../powerpc-eabi/lib/libc.a(libc_a-strtod.o) (__gethex)
/opt/devkitpro/devkitPPC/lib/gcc/powerpc-eabi/16.1.0/../../../../powerpc-eabi/lib/libc.a(libc_a-snprintf.o)
                              /opt/devkitpro/portlibs/wii/lib/libSDL.a(SDL_error.o) (snprintf)
/opt/devkitpro/devkitPPC/lib/gcc/powerpc-eabi/16.1.0/../../../../powerpc-eabi/lib/libc.a(libc_a-printf.o)
                              /opt/devkitpro/libogc/lib/wii/libbte.a(hci.o) (printf)
/opt/devkitpro/devkitPPC/lib/gcc/powerpc-eabi/16.1.0/../../../../powerpc-eabi/lib/libc.a(libc_a-strtoul.o)
                              /opt/devkitpro/libogc/lib/wii/libogc.a(es.o) (_strtoul_r)
/opt/devkitpro/devkitPPC/lib/gcc/powerpc-eabi/16.1.0/../../../../powerpc-eabi/lib/libc.a(libc_a-strchr.o)
                              /opt/devkitpro/libogc/lib/wii/libogc.a(conf.o) (strchr)
/opt/devkitpro/devkitPPC/lib/gcc/powerpc-eabi/16.1.0/../../../../powerpc-eabi/lib/libc.a(libc_a-memcmp.o)
                              /opt/devkitpro/libogc/lib/wii/libogc.a(conf.o) (memcmp)
/opt/devkitpro/devkitPPC/lib/gcc/powerpc-eabi/16.1.0/../../../../powerpc-eabi/lib/libc.a(libc_a-calloc.o)
                              /opt/devkitpro/portlibs/wii/lib/libSDL.a(SDL_thread.o) (calloc)
/opt/devkitpro/devkitPPC/lib/gcc/powerpc-eabi/16.1.0/../../../../powerpc-eabi/lib/libc.a(libc_a-malignr.o)
                              /opt/devkitpro/libogc/lib/wii/libogc.a(es.o) (_memalign_r)
/opt/devkitpro/devkitPPC/lib/gcc/powerpc-eabi/16.1.0/../../../../powerpc-eabi/lib/libc.a(libc_a-errno.o)
                              /opt/devkitpro/libogc/lib/wii/libogc.a(network_wii.o) (__errno)
/opt/devkitpro/devkitPPC/lib/gcc/powerpc-eabi/16.1.0/../../../../powerpc-eabi/lib/libc.a(libc_a-locale.o)
                              /opt/devkitpro/devkitPPC/lib/gcc/powerpc-eabi/16.1.0/../../../../powerpc-eabi/lib/libc.a(libc_a-strtod.o) (__global_locale)
/opt/devkitpro/devkitPPC/lib/gcc/powerpc-eabi/16.1.0/../../../../powerpc-eabi/lib/libc.a(libc_a-memset.o)
                              /opt/devkitpro/portlibs/wii/lib/libSDL.a(SDL_audio.o) (memset)
/opt/devkitpro/devkitPPC/lib/gcc/powerpc-eabi/16.1.0/../../../../powerpc-eabi/lib/libc.a(libc_a-callocr.o)
                              /opt/devkitpro/devkitPPC/lib/gcc/powerpc-eabi/16.1.0/../../../../powerpc-eabi/lib/libc.a(libc_a-calloc.o) (_calloc_r)
/opt/devkitpro/devkitPPC/lib/gcc/powerpc-eabi/16.1.0/../../../../powerpc-eabi/lib/libc.a(libc_a-fflush.o)
                              /tmp/ccZr1nSB.o (fflush)
/opt/devkitpro/devkitPPC/lib/gcc/powerpc-eabi/16.1.0/../../../../powerpc-eabi/lib/libc.a(libc_a-realloc.o)
                              /opt/devkitpro/portlibs/wii/lib/libSDL.a(SDL_thread.o) (realloc)
/opt/devkitpro/devkitPPC/lib/gcc/powerpc-eabi/16.1.0/../../../../powerpc-eabi/lib/libc.a(libc_a-mallocr.o)
                              /opt/devkitpro/devkitPPC/lib/gcc/powerpc-eabi/16.1.0/../../../../powerpc-eabi/lib/libc.a(libc_a-malignr.o) (_malloc_r)
/opt/devkitpro/devkitPPC/lib/gcc/powerpc-eabi/16.1.0/../../../../powerpc-eabi/lib/libc.a(libc_a-freer.o)
                              /opt/devkitpro/libogc/lib/wii/libogc.a(es.o) (_free_r)
/opt/devkitpro/devkitPPC/lib/gcc/powerpc-eabi/16.1.0/../../../../powerpc-eabi/lib/libc.a(libc_a-setvbuf.o)
                              /opt/devkitpro/libogc/lib/wii/libwiikeyboard.a(keyboard.o) (setvbuf)
/opt/devkitpro/devkitPPC/lib/gcc/powerpc-eabi/16.1.0/../../../../powerpc-eabi/lib/libc.a(libc_a-findfp.o)
                              /opt/devkitpro/devkitPPC/lib/gcc/powerpc-eabi/16.1.0/../../../../powerpc-eabi/lib/libc.a(libc_a-fflush.o) (__sglue)
/opt/devkitpro/devkitPPC/lib/gcc/powerpc-eabi/16.1.0/../../../../powerpc-eabi/lib/libc.a(libc_a-atoi.o)
                              /opt/devkitpro/portlibs/wii/lib/libSDL.a(SDL_audio.o) (atoi)
/opt/devkitpro/devkitPPC/lib/gcc/powerpc-eabi/16.1.0/../../../../powerpc-eabi/lib/libc.a(libc_a-strtol.o)
                              /opt/devkitpro/devkitPPC/lib/gcc/powerpc-eabi/16.1.0/../../../../powerpc-eabi/lib/libc.a(libc_a-atoi.o) (_strtol_r)
/opt/devkitpro/devkitPPC/lib/gcc/powerpc-eabi/16.1.0/../../../../powerpc-eabi/lib/libc.a(libc_a-strncpy.o)
                              /opt/devkitpro/libogc/lib/wii/libwiiuse.a(io_wii.o) (strncpy)
/opt/devkitpro/devkitPPC/lib/gcc/powerpc-eabi/16.1.0/../../../../powerpc-eabi/lib/libc.a(libc_a-strcmp.o)
                              /opt/devkitpro/portlibs/wii/lib/libSDL.a(SDL_audio.o) (strcmp)
/opt/devkitpro/devkitPPC/lib/gcc/powerpc-eabi/16.1.0/../../../../powerpc-eabi/lib/libc.a(libc_a-malloc.o)
                              /opt/devkitpro/portlibs/wii/lib/libSDL.a(SDL_audio.o) (malloc)
/opt/devkitpro/devkitPPC/lib/gcc/powerpc-eabi/16.1.0/../../../../powerpc-eabi/lib/libc.a(libc_a-syswrite.o)
                              /opt/devkitpro/libogc/lib/wii/libogc.a(kprintf.o) (write)
/opt/devkitpro/devkitPPC/lib/gcc/powerpc-eabi/16.1.0/../../../../powerpc-eabi/lib/libc.a(libc_a-puts.o)
                              /tmp/ccZr1nSB.o (puts)
/opt/devkitpro/devkitPPC/lib/gcc/powerpc-eabi/16.1.0/../../../../powerpc-eabi/lib/libc.a(libc_a-getenv_r.o)
                              /opt/devkitpro/devkitPPC/lib/gcc/powerpc-eabi/16.1.0/../../../../powerpc-eabi/lib/libc.a(libc_a-getenv.o) (_findenv_r)
/opt/devkitpro/devkitPPC/lib/gcc/powerpc-eabi/16.1.0/../../../../powerpc-eabi/lib/libc.a(libc_a-stdio.o)
                              /opt/devkitpro/devkitPPC/lib/gcc/powerpc-eabi/16.1.0/../../../../powerpc-eabi/lib/libc.a(libc_a-findfp.o) (__sread)
/opt/devkitpro/devkitPPC/lib/gcc/powerpc-eabi/16.1.0/../../../../powerpc-eabi/lib/libc.a(libc_a-memmove.o)
                              /opt/devkitpro/portlibs/wii/lib/libSDL.a(SDL_thread.o) (memmove)
/opt/devkitpro/devkitPPC/lib/gcc/powerpc-eabi/16.1.0/../../../../powerpc-eabi/lib/libc.a(libc_a-reallocr.o)
                              /opt/devkitpro/devkitPPC/lib/gcc/powerpc-eabi/16.1.0/../../../../powerpc-eabi/lib/libc.a(libc_a-realloc.o) (_realloc_r)
/opt/devkitpro/devkitPPC/lib/gcc/powerpc-eabi/16.1.0/../../../../powerpc-eabi/lib/libc.a(libc_a-strdup.o)
                              /opt/devkitpro/portlibs/wii/lib/libSDL.a(SDL_video.o) (strdup)
/opt/devkitpro/devkitPPC/lib/gcc/powerpc-eabi/16.1.0/../../../../powerpc-eabi/lib/libc.a(libc_a-fclose.o)
                              /opt/devkitpro/devkitPPC/lib/gcc/powerpc-eabi/16.1.0/../../../../powerpc-eabi/lib/libc.a(libc_a-findfp.o) (_fclose_r)
/opt/devkitpro/devkitPPC/lib/gcc/powerpc-eabi/16.1.0/../../../../powerpc-eabi/lib/libc.a(libc_a-putchar.o)
                              /tmp/ccZr1nSB.o (putchar)
/opt/devkitpro/devkitPPC/lib/gcc/powerpc-eabi/16.1.0/../../../../powerpc-eabi/lib/libc.a(libc_a-fprintf.o)
                              /tmp/ccZr1nSB.o (fprintf)
/opt/devkitpro/devkitPPC/lib/gcc/powerpc-eabi/16.1.0/../../../../powerpc-eabi/lib/libc.a(libc_a-sysread.o)
                              /opt/devkitpro/libogc/lib/wii/libwiikeyboard.a(keyboard.o) (read)
/opt/devkitpro/devkitPPC/lib/gcc/powerpc-eabi/16.1.0/../../../../powerpc-eabi/lib/libc.a(libc_a-exit.o)
                              /tmp/ccZr1nSB.o (exit)
/opt/devkitpro/devkitPPC/lib/gcc/powerpc-eabi/16.1.0/../../../../powerpc-eabi/lib/libc.a(libc_a-svfprintf.o)
                              /opt/devkitpro/devkitPPC/lib/gcc/powerpc-eabi/16.1.0/../../../../powerpc-eabi/lib/libc.a(libc_a-snprintf.o) (_svfprintf_r)
/opt/devkitpro/devkitPPC/lib/gcc/powerpc-eabi/16.1.0/../../../../powerpc-eabi/lib/libc.a(libc_a-wctomb_r.o)
                              /opt/devkitpro/devkitPPC/lib/gcc/powerpc-eabi/16.1.0/../../../../powerpc-eabi/lib/libc.a(libc_a-locale.o) (__ascii_wctomb)
/opt/devkitpro/devkitPPC/lib/gcc/powerpc-eabi/16.1.0/../../../../powerpc-eabi/lib/libc.a(libc_a-strnlen.o)
                              /opt/devkitpro/libogc/lib/wii/libogc.a(ipc.o) (strnlen)
/opt/devkitpro/devkitPPC/lib/gcc/powerpc-eabi/16.1.0/../../../../powerpc-eabi/lib/libc.a(libc_a-strncmp.o)
                              /opt/devkitpro/libogc/lib/wii/libwiiuse.a(wpad.o) (strncmp)
/opt/devkitpro/devkitPPC/lib/gcc/powerpc-eabi/16.1.0/../../../../powerpc-eabi/lib/libc.a(libc_a-gdtoa-hexnan.o)
                              /opt/devkitpro/devkitPPC/lib/gcc/powerpc-eabi/16.1.0/../../../../powerpc-eabi/lib/libc.a(libc_a-strtod.o) (__match)
/opt/devkitpro/devkitPPC/lib/gcc/powerpc-eabi/16.1.0/../../../../powerpc-eabi/lib/libc.a(libc_a-sprintf.o)
                              /opt/devkitpro/portlibs/wii/lib/libSDL.a(SDL_sysjoystick.o) (sprintf)
/opt/devkitpro/devkitPPC/lib/gcc/powerpc-eabi/16.1.0/../../../../powerpc-eabi/lib/libc.a(libc_a-ctype_.o)
                              /opt/devkitpro/devkitPPC/lib/gcc/powerpc-eabi/16.1.0/../../../../powerpc-eabi/lib/libc.a(libc_a-locale.o) (__set_ctype)
/opt/devkitpro/devkitPPC/lib/gcc/powerpc-eabi/16.1.0/../../../../powerpc-eabi/lib/libc.a(libm_a-s_nan.o)
                              /opt/devkitpro/devkitPPC/lib/gcc/powerpc-eabi/16.1.0/../../../../powerpc-eabi/lib/libc.a(libc_a-strtod.o) (nan)
/opt/devkitpro/devkitPPC/lib/gcc/powerpc-eabi/16.1.0/../../../../powerpc-eabi/lib/libc.a(libm_a-sf_nan.o)
                              /opt/devkitpro/devkitPPC/lib/gcc/powerpc-eabi/16.1.0/../../../../powerpc-eabi/lib/libc.a(libc_a-strtod.o) (nanf)
/opt/devkitpro/devkitPPC/lib/gcc/powerpc-eabi/16.1.0/../../../../powerpc-eabi/lib/libc.a(libm_a-s_frexp.o)
                              /opt/devkitpro/devkitPPC/lib/gcc/powerpc-eabi/16.1.0/../../../../powerpc-eabi/lib/libc.a(libc_a-svfprintf.o) (frexp)
/opt/devkitpro/devkitPPC/lib/gcc/powerpc-eabi/16.1.0/../../../../powerpc-eabi/lib/libc.a(libc_a-strcat.o)
                              /opt/devkitpro/devkitPPC/lib/gcc/powerpc-eabi/16.1.0/../../../../powerpc-eabi/lib/libc.a(libc_a-locale.o) (strcat)
/opt/devkitpro/devkitPPC/lib/gcc/powerpc-eabi/16.1.0/../../../../powerpc-eabi/lib/libc.a(libc_a-envlock.o)
                              /opt/devkitpro/devkitPPC/lib/gcc/powerpc-eabi/16.1.0/../../../../powerpc-eabi/lib/libc.a(libc_a-getenv_r.o) (__env_lock)
/opt/devkitpro/devkitPPC/lib/gcc/powerpc-eabi/16.1.0/../../../../powerpc-eabi/lib/libc.a(libc_a-strdup_r.o)
                              /opt/devkitpro/devkitPPC/lib/gcc/powerpc-eabi/16.1.0/../../../../powerpc-eabi/lib/libc.a(libc_a-strdup.o) (_strdup_r)
/opt/devkitpro/devkitPPC/lib/gcc/powerpc-eabi/16.1.0/../../../../powerpc-eabi/lib/libc.a(libc_a-mprec.o)
                              /opt/devkitpro/devkitPPC/lib/gcc/powerpc-eabi/16.1.0/../../../../powerpc-eabi/lib/libc.a(libc_a-strtod.o) (_Balloc)
/opt/devkitpro/devkitPPC/lib/gcc/powerpc-eabi/16.1.0/../../../../powerpc-eabi/lib/libc.a(libc_a-impure.o)
                              /opt/devkitpro/devkitPPC/lib/gcc/powerpc-eabi/16.1.0/../../../../powerpc-eabi/lib/libc.a(libc_a-fflush.o) (_impure_data)
/opt/devkitpro/devkitPPC/lib/gcc/powerpc-eabi/16.1.0/../../../../powerpc-eabi/lib/libc.a(libc_a-fwalk.o)
                              /opt/devkitpro/devkitPPC/lib/gcc/powerpc-eabi/16.1.0/../../../../powerpc-eabi/lib/libc.a(libc_a-fflush.o) (_fwalk_sglue)
/opt/devkitpro/devkitPPC/lib/gcc/powerpc-eabi/16.1.0/../../../../powerpc-eabi/lib/libc.a(libc_a-vfprintf.o)
                              /opt/devkitpro/devkitPPC/lib/gcc/powerpc-eabi/16.1.0/../../../../powerpc-eabi/lib/libc.a(libc_a-printf.o) (_vfprintf_r)
/opt/devkitpro/devkitPPC/lib/gcc/powerpc-eabi/16.1.0/../../../../powerpc-eabi/lib/libc.a(libc_a-wcrtomb.o)
                              /opt/devkitpro/devkitPPC/lib/gcc/powerpc-eabi/16.1.0/../../../../powerpc-eabi/lib/libc.a(libc_a-svfprintf.o) (_wcrtomb_r)
/opt/devkitpro/devkitPPC/lib/gcc/powerpc-eabi/16.1.0/../../../../powerpc-eabi/lib/libc.a(libc_a-svfiprintf.o)
                              /opt/devkitpro/devkitPPC/lib/gcc/powerpc-eabi/16.1.0/../../../../powerpc-eabi/lib/libc.a(libc_a-svfprintf.o) (__chclass)
/opt/devkitpro/devkitPPC/lib/gcc/powerpc-eabi/16.1.0/../../../../powerpc-eabi/lib/libc.a(libc_a-memchr.o)
                              /opt/devkitpro/devkitPPC/lib/gcc/powerpc-eabi/16.1.0/../../../../powerpc-eabi/lib/libc.a(libc_a-svfprintf.o) (memchr)
/opt/devkitpro/devkitPPC/lib/gcc/powerpc-eabi/16.1.0/../../../../powerpc-eabi/lib/libc.a(libc_a-ssprint_r.o)
                              /opt/devkitpro/devkitPPC/lib/gcc/powerpc-eabi/16.1.0/../../../../powerpc-eabi/lib/libc.a(libc_a-svfprintf.o) (__ssprint_r)
/opt/devkitpro/devkitPPC/lib/gcc/powerpc-eabi/16.1.0/../../../../powerpc-eabi/lib/libc.a(libc_a-mbtowc_r.o)
                              /opt/devkitpro/devkitPPC/lib/gcc/powerpc-eabi/16.1.0/../../../../powerpc-eabi/lib/libc.a(libc_a-locale.o) (__ascii_mbtowc)
/opt/devkitpro/devkitPPC/lib/gcc/powerpc-eabi/16.1.0/../../../../powerpc-eabi/lib/libc.a(libc_a-strncasecmp.o)
                              /opt/devkitpro/devkitPPC/lib/gcc/powerpc-eabi/16.1.0/../../../../powerpc-eabi/lib/libc.a(libc_a-locale.o) (strncasecmp)
/opt/devkitpro/devkitPPC/lib/gcc/powerpc-eabi/16.1.0/../../../../powerpc-eabi/lib/libc.a(libc_a-fvwrite.o)
                              /opt/devkitpro/devkitPPC/lib/gcc/powerpc-eabi/16.1.0/../../../../powerpc-eabi/lib/libc.a(libc_a-puts.o) (__sfvwrite_r)
/opt/devkitpro/devkitPPC/lib/gcc/powerpc-eabi/16.1.0/../../../../powerpc-eabi/lib/libc.a(libc_a-environ.o)
                              /opt/devkitpro/devkitPPC/lib/gcc/powerpc-eabi/16.1.0/../../../../powerpc-eabi/lib/libc.a(libc_a-getenv_r.o) (environ)
/opt/devkitpro/devkitPPC/lib/gcc/powerpc-eabi/16.1.0/../../../../powerpc-eabi/lib/libc.a(libc_a-makebuf.o)
                              /opt/devkitpro/devkitPPC/lib/gcc/powerpc-eabi/16.1.0/../../../../powerpc-eabi/lib/libc.a(libc_a-setvbuf.o) (__swhatbuf_r)
/opt/devkitpro/devkitPPC/lib/gcc/powerpc-eabi/16.1.0/../../../../powerpc-eabi/lib/libc.a(libc_a-sprint_r.o)
                              /opt/devkitpro/devkitPPC/lib/gcc/powerpc-eabi/16.1.0/../../../../powerpc-eabi/lib/libc.a(libc_a-vfprintf.o) (__sprint_r)
/opt/devkitpro/devkitPPC/lib/gcc/powerpc-eabi/16.1.0/../../../../powerpc-eabi/lib/libc.a(libc_a-putc.o)
                              /opt/devkitpro/devkitPPC/lib/gcc/powerpc-eabi/16.1.0/../../../../powerpc-eabi/lib/libc.a(libc_a-putchar.o) (_putc_r)
/opt/devkitpro/devkitPPC/lib/gcc/powerpc-eabi/16.1.0/../../../../powerpc-eabi/lib/libc.a(libc_a-dtoa.o)
                              /opt/devkitpro/devkitPPC/lib/gcc/powerpc-eabi/16.1.0/../../../../powerpc-eabi/lib/libc.a(libc_a-svfprintf.o) (_dtoa_r)
/opt/devkitpro/devkitPPC/lib/gcc/powerpc-eabi/16.1.0/../../../../powerpc-eabi/lib/libc.a(libc_a-wbuf.o)
                              /opt/devkitpro/devkitPPC/lib/gcc/powerpc-eabi/16.1.0/../../../../powerpc-eabi/lib/libc.a(libc_a-putc.o) (__swbuf_r)
/opt/devkitpro/devkitPPC/lib/gcc/powerpc-eabi/16.1.0/../../../../powerpc-eabi/lib/libc.a(libc_a-__call_atexit.o)
                              /opt/devkitpro/devkitPPC/lib/gcc/powerpc-eabi/16.1.0/../../../../powerpc-eabi/lib/libc.a(libc_a-exit.o) (__call_exitprocs)
/opt/devkitpro/devkitPPC/lib/gcc/powerpc-eabi/16.1.0/../../../../powerpc-eabi/lib/libc.a(libc_a-wcsrtombs.o)
                              /opt/devkitpro/devkitPPC/lib/gcc/powerpc-eabi/16.1.0/../../../../powerpc-eabi/lib/libc.a(libc_a-svfprintf.o) (_wcsrtombs_r)
/opt/devkitpro/devkitPPC/lib/gcc/powerpc-eabi/16.1.0/../../../../powerpc-eabi/lib/libc.a(libc_a-wsetup.o)
                              /opt/devkitpro/devkitPPC/lib/gcc/powerpc-eabi/16.1.0/../../../../powerpc-eabi/lib/libc.a(libc_a-vfprintf.o) (__swsetup_r)
/opt/devkitpro/devkitPPC/lib/gcc/powerpc-eabi/16.1.0/../../../../powerpc-eabi/lib/libc.a(libc_a-localeconv.o)
                              /opt/devkitpro/devkitPPC/lib/gcc/powerpc-eabi/16.1.0/../../../../powerpc-eabi/lib/libc.a(libc_a-svfprintf.o) (_localeconv_r)
/opt/devkitpro/devkitPPC/lib/gcc/powerpc-eabi/16.1.0/../../../../powerpc-eabi/lib/libc.a(libc_a-atexit.o)
                              /opt/devkitpro/devkitPPC/lib/gcc/powerpc-eabi/16.1.0/../../../../powerpc-eabi/lib/libc.a(libc_a-__call_atexit.o) (atexit)
/opt/devkitpro/devkitPPC/lib/gcc/powerpc-eabi/16.1.0/../../../../powerpc-eabi/lib/libc.a(libc_a-ssputs_r.o)
                              /opt/devkitpro/devkitPPC/lib/gcc/powerpc-eabi/16.1.0/../../../../powerpc-eabi/lib/libc.a(libc_a-ssprint_r.o) (__ssputs_r)
/opt/devkitpro/devkitPPC/lib/gcc/powerpc-eabi/16.1.0/../../../../powerpc-eabi/lib/libc.a(libc_a-wcsnrtombs.o)
                              /opt/devkitpro/devkitPPC/lib/gcc/powerpc-eabi/16.1.0/../../../../powerpc-eabi/lib/libc.a(libc_a-wcsrtombs.o) (_wcsnrtombs_r)
/opt/devkitpro/devkitPPC/lib/gcc/powerpc-eabi/16.1.0/../../../../powerpc-eabi/lib/libc.a(libc_a-__atexit.o)
                              /opt/devkitpro/devkitPPC/lib/gcc/powerpc-eabi/16.1.0/../../../../powerpc-eabi/lib/libc.a(libc_a-atexit.o) (__register_exitproc)
